Archive member included because of file (symbol)

/home/cuil/CodeSourcery/Sourcery_G++_Lite/bin/../lib/gcc/arm-none-eabi/4.5.2/../../../../arm-none-eabi/lib/thumb2/libc.a(lib_a-init.o)
                              ./src/startup_stm32f10x_md_vl.o (__libc_init_array)

Allocating common symbols
Common symbol       size              file

GPIO_InitStructure  0x4               ./src/main.o
timingdelay         0x4               ./src/main.o

Discarded input sections

 .text          0x00000000        0x0 /home/cuil/CodeSourcery/Sourcery_G++_Lite/bin/../lib/gcc/arm-none-eabi/4.5.2/thumb2/crti.o
 .data          0x00000000        0x0 /home/cuil/CodeSourcery/Sourcery_G++_Lite/bin/../lib/gcc/arm-none-eabi/4.5.2/thumb2/crti.o
 .bss           0x00000000        0x0 /home/cuil/CodeSourcery/Sourcery_G++_Lite/bin/../lib/gcc/arm-none-eabi/4.5.2/thumb2/crti.o
 .data          0x00000000        0x4 /home/cuil/CodeSourcery/Sourcery_G++_Lite/bin/../lib/gcc/arm-none-eabi/4.5.2/thumb2/crtbegin.o
 .text          0x00000000      0x28c ./src/core_cm3.o
 .data          0x00000000        0x0 ./src/core_cm3.o
 .bss           0x00000000        0x0 ./src/core_cm3.o
 .data          0x00000000        0x0 ./src/main.o
 .bss           0x00000000        0x0 ./src/main.o
 .text          0x00000000       0x14 ./src/startup_stm32f10x_md_vl.o
 .data          0x00000000        0x0 ./src/startup_stm32f10x_md_vl.o
 .bss           0x00000000        0x0 ./src/startup_stm32f10x_md_vl.o
 .data          0x00000000        0x0 ./src/stm32f10x_it.o
 .bss           0x00000000        0x0 ./src/stm32f10x_it.o
 .bss           0x00000000        0x0 ./src/system_stm32f10x.o
 .text          0x00000000      0x1a4 ./peri_library/peri_src/misc.o
 .data          0x00000000        0x0 ./peri_library/peri_src/misc.o
 .bss           0x00000000        0x0 ./peri_library/peri_src/misc.o
 .text          0x00000000      0xb34 ./peri_library/peri_src/stm32f10x_adc.o
 .data          0x00000000        0x0 ./peri_library/peri_src/stm32f10x_adc.o
 .bss           0x00000000        0x0 ./peri_library/peri_src/stm32f10x_adc.o
 .text          0x00000000      0x1cc ./peri_library/peri_src/stm32f10x_bkp.o
 .data          0x00000000        0x0 ./peri_library/peri_src/stm32f10x_bkp.o
 .bss           0x00000000        0x0 ./peri_library/peri_src/stm32f10x_bkp.o
 .text          0x00000000      0xdfc ./peri_library/peri_src/stm32f10x_can.o
 .data          0x00000000        0x0 ./peri_library/peri_src/stm32f10x_can.o
 .bss           0x00000000        0x0 ./peri_library/peri_src/stm32f10x_can.o
 .text          0x00000000      0x2c8 ./peri_library/peri_src/stm32f10x_cec.o
 .data          0x00000000        0x0 ./peri_library/peri_src/stm32f10x_cec.o
 .bss           0x00000000        0x0 ./peri_library/peri_src/stm32f10x_cec.o
 .text          0x00000000       0xd4 ./peri_library/peri_src/stm32f10x_crc.o
 .data          0x00000000        0x0 ./peri_library/peri_src/stm32f10x_crc.o
 .bss           0x00000000        0x0 ./peri_library/peri_src/stm32f10x_crc.o
 .text          0x00000000      0x49c ./peri_library/peri_src/stm32f10x_dac.o
 .data          0x00000000        0x0 ./peri_library/peri_src/stm32f10x_dac.o
 .bss           0x00000000        0x0 ./peri_library/peri_src/stm32f10x_dac.o
 .text          0x00000000       0x78 ./peri_library/peri_src/stm32f10x_dbgmcu.o
 .data          0x00000000        0x0 ./peri_library/peri_src/stm32f10x_dbgmcu.o
 .bss           0x00000000        0x0 ./peri_library/peri_src/stm32f10x_dbgmcu.o
 .text          0x00000000      0x41c ./peri_library/peri_src/stm32f10x_dma.o
 .data          0x00000000        0x0 ./peri_library/peri_src/stm32f10x_dma.o
 .bss           0x00000000        0x0 ./peri_library/peri_src/stm32f10x_dma.o
 .text          0x00000000      0x254 ./peri_library/peri_src/stm32f10x_exti.o
 .data          0x00000000        0x0 ./peri_library/peri_src/stm32f10x_exti.o
 .bss           0x00000000        0x0 ./peri_library/peri_src/stm32f10x_exti.o
 .text          0x00000000      0xa38 ./peri_library/peri_src/stm32f10x_flash.o
 .data          0x00000000        0x0 ./peri_library/peri_src/stm32f10x_flash.o
 .bss           0x00000000        0x0 ./peri_library/peri_src/stm32f10x_flash.o
 .text          0x00000000      0xa68 ./peri_library/peri_src/stm32f10x_fsmc.o
 .data          0x00000000        0x0 ./peri_library/peri_src/stm32f10x_fsmc.o
 .bss           0x00000000        0x0 ./peri_library/peri_src/stm32f10x_fsmc.o
 .data          0x00000000        0x0 ./peri_library/peri_src/stm32f10x_gpio.o
 .bss           0x00000000        0x0 ./peri_library/peri_src/stm32f10x_gpio.o
 .text          0x00000000      0x9ac ./peri_library/peri_src/stm32f10x_i2c.o
 .data          0x00000000        0x0 ./peri_library/peri_src/stm32f10x_i2c.o
 .bss           0x00000000        0x0 ./peri_library/peri_src/stm32f10x_i2c.o
 .text          0x00000000       0xd0 ./peri_library/peri_src/stm32f10x_iwdg.o
 .data          0x00000000        0x0 ./peri_library/peri_src/stm32f10x_iwdg.o
[...]
Memory Configuration

Name             Origin             Length             Attributes
FLASH            0x08000000         0x00020000         xr
RAM              0x20000000         0x00002000         xrw
MEMORY_B1        0x60000000         0x00000000         xr
*default*        0x00000000         0xffffffff

Linker script and memory map

LOAD /home/cuil/CodeSourcery/Sourcery_G++_Lite/bin/../lib/gcc/arm-none-eabi/4.5.2/thumb2/crti.o
LOAD /home/cuil/CodeSourcery/Sourcery_G++_Lite/bin/../lib/gcc/arm-none-eabi/4.5.2/thumb2/crtbegin.o
LOAD ./src/core_cm3.o
LOAD ./src/main.o
LOAD ./src/startup_stm32f10x_md_vl.o
LOAD ./src/stm32f10x_it.o
LOAD ./src/system_stm32f10x.o
LOAD ./peri_library/peri_src/misc.o
LOAD ./peri_library/peri_src/stm32f10x_adc.o
LOAD ./peri_library/peri_src/stm32f10x_bkp.o
LOAD ./peri_library/peri_src/stm32f10x_can.o
LOAD ./peri_library/peri_src/stm32f10x_cec.o
LOAD ./peri_library/peri_src/stm32f10x_crc.o
LOAD ./peri_library/peri_src/stm32f10x_dac.o
LOAD ./peri_library/peri_src/stm32f10x_dbgmcu.o
LOAD ./peri_library/peri_src/stm32f10x_dma.o
LOAD ./peri_library/peri_src/stm32f10x_exti.o
LOAD ./peri_library/peri_src/stm32f10x_flash.o
LOAD ./peri_library/peri_src/stm32f10x_fsmc.o
LOAD ./peri_library/peri_src/stm32f10x_gpio.o
LOAD ./peri_library/peri_src/stm32f10x_i2c.o
LOAD ./peri_library/peri_src/stm32f10x_iwdg.o
LOAD ./peri_library/peri_src/stm32f10x_pwr.o
LOAD ./peri_library/peri_src/stm32f10x_rcc.o
LOAD ./peri_library/peri_src/stm32f10x_rtc.o
LOAD ./peri_library/peri_src/stm32f10x_sdio.o
LOAD ./peri_library/peri_src/stm32f10x_spi.o
LOAD ./peri_library/peri_src/stm32f10x_tim.o
LOAD ./peri_library/peri_src/stm32f10x_usart.o
LOAD ./peri_library/peri_src/stm32f10x_wwdg.o
LOAD /home/cuil/CodeSourcery/Sourcery_G++_Lite/bin/../lib/gcc/arm-none-eabi/4.5.2/../../../../arm-none-eabi/lib/thumb2/libstdc++.a
LOAD /home/cuil/CodeSourcery/Sourcery_G++_Lite/bin/../lib/gcc/arm-none-eabi/4.5.2/../../../../arm-none-eabi/lib/thumb2/libm.a
START GROUP
LOAD /home/cuil/CodeSourcery/Sourcery_G++_Lite/bin/../lib/gcc/arm-none-eabi/4.5.2/thumb2/libgcc.a
LOAD /home/cuil/CodeSourcery/Sourcery_G++_Lite/bin/../lib/gcc/arm-none-eabi/4.5.2/../../../../arm-none-eabi/lib/thumb2/libc.a
END GROUP
LOAD /home/cuil/CodeSourcery/Sourcery_G++_Lite/bin/../lib/gcc/arm-none-eabi/4.5.2/thumb2/crtend.o
LOAD /home/cuil/CodeSourcery/Sourcery_G++_Lite/bin/../lib/gcc/arm-none-eabi/4.5.2/thumb2/crtn.o
                0x20002000                _estack = 0x20002000
                0x00000000                _Min_Heap_Size = 0x0
                0x00000800                _Min_Stack_Size = 0x800

.isr_vector     0x08000000      0x1d0
                0x08000000                . = ALIGN (0x4)
 *(.isr_vector)
 .isr_vector    0x08000000      0x1d0 ./src/startup_stm32f10x_md_vl.o
                0x08000000                g_pfnVectors
                0x080001d0                . = ALIGN (0x4)

.text           0x080001d0     0x150c
                0x080001d0                . = ALIGN (0x4)
 *(.text)
 .text          0x080001d0       0x30 /home/cuil/CodeSourcery/Sourcery_G++_Lite/bin/../lib/gcc/arm-none-eabi/4.5.2/thumb2/crtbegin.o
 .text          0x08000200      0x20c ./src/main.o
                0x080002ac                timing_delay
                0x080002d0                Delay_sys
                0x080002f8                power_save
                0x08000368                main
                0x080003e8                Delay
 .text          0x0800040c       0x5c ./src/stm32f10x_it.o
                0x0800040c                NMI_Handler
                0x08000418                HardFault_Handler
                0x08000420                MemManage_Handler
                0x08000428                BusFault_Handler
                0x08000430                UsageFault_Handler
                0x08000438                SVC_Handler
                0x08000444                DebugMon_Handler
                0x08000450                PendSV_Handler
                0x0800045c                SysTick_Handler
 .text          0x08000468      0x230 ./src/system_stm32f10x.o
                0x08000468                SystemInit
                0x080004cc                SystemCoreClockUpdate
 .text          0x08000698      0x6cc ./peri_library/peri_src/stm32f10x_gpio.o
                0x08000698                GPIO_DeInit
                0x080007b0                GPIO_AFIODeInit
                0x080007d0                GPIO_Init
                0x08000990                GPIO_StructInit
                0x080009bc                GPIO_ReadInputDataBit
                0x080009f8                GPIO_ReadInputData
                0x08000a14                GPIO_ReadOutputDataBit
                0x08000a50                GPIO_ReadOutputData
                0x08000a6c                GPIO_SetBits
                0x08000a88                GPIO_ResetBits
                0x08000aa4                GPIO_WriteBit
                0x08000ad4                GPIO_Write
                0x08000af0                GPIO_PinLockConfig
                0x08000b34                GPIO_EventOutputConfig
                0x08000b88                GPIO_EventOutputCmd
                0x08000ba8                GPIO_PinRemapConfig
                0x08000cac                GPIO_EXTILineConfig
                0x08000d48                GPIO_ETH_MediaInterfaceConfig
 .text          0x08000d64      0x8c4 ./peri_library/peri_src/stm32f10x_rcc.o
                0x08000d64                RCC_DeInit
                0x08000dc8                RCC_HSEConfig
                0x08000e24                RCC_WaitForHSEStartUp
                0x08000e88                RCC_AdjustHSICalibrationValue
                0x08000ec8                RCC_HSICmd
                0x08000ee8                RCC_PLLConfig
                0x08000f2c                RCC_PLLCmd
                0x08000f4c                RCC_PREDIV1Config
                0x08000f94                RCC_SYSCLKConfig
                0x08000fd0                RCC_GetSYSCLKSource
                0x08000fec                RCC_HCLKConfig
                0x08001028                RCC_PCLK1Config
                0x08001064                RCC_PCLK2Config
                0x080010a4                RCC_ITConfig
                0x080010f4                RCC_USBCLKConfig
                0x08001110                RCC_ADCCLKConfig
                0x0800114c                RCC_LSEConfig
                0x08001194                RCC_LSICmd
                0x080011b4                RCC_RTCCLKConfig
                0x080011d8                RCC_RTCCLKCmd
                0x080011f8                RCC_GetClocksFreq
                0x08001374                RCC_AHBPeriphClockCmd
                0x080013b8                RCC_APB2PeriphClockCmd
                0x080013fc                RCC_APB1PeriphClockCmd
                0x08001440                RCC_APB2PeriphResetCmd
                0x08001484                RCC_APB1PeriphResetCmd
                0x080014c8                RCC_BackupResetCmd
                0x080014e8                RCC_ClockSecuritySystemCmd
                0x08001508                RCC_MCOConfig
                0x08001528                RCC_GetFlagStatus
                0x080015ac                RCC_ClearFlag
                0x080015c8                RCC_GetITStatus
                0x08001608                RCC_ClearITPendingBit
 .text          0x08001628       0x50 /home/cuil/CodeSourcery/Sourcery_G++_Lite/bin/../lib/gcc/arm-none-eabi/4.5.2/../../../../arm-none-eabi/lib/thumb2/libc.a(lib_a-init.o)
                0x08001628                __libc_init_array
 *(.text*)
 .text.Reset_Handler
                0x08001678       0x48 ./src/startup_stm32f10x_md_vl.o
                0x08001678                Reset_Handler
 .text.Default_Handler
                0x080016c0        0x2 ./src/startup_stm32f10x_md_vl.o
                0x080016c0                EXTI2_IRQHandler
                0x080016c0                TIM1_CC_IRQHandler
                0x080016c0                PVD_IRQHandler
                0x080016c0                EXTI3_IRQHandler
                0x080016c0                EXTI0_IRQHandler
                0x080016c0                I2C2_EV_IRQHandler
                0x080016c0                TIM1_UP_TIM16_IRQHandler
                0x080016c0                SPI1_IRQHandler
                0x080016c0                TAMPER_IRQHandler
                0x080016c0                TIM6_DAC_IRQHandler
                0x080016c0                DMA1_Channel4_IRQHandler
                0x080016c0                ADC1_IRQHandler
                0x080016c0                USART3_IRQHandler
                0x080016c0                RTC_IRQHandler
                0x080016c0                DMA1_Channel7_IRQHandler
                0x080016c0                TIM4_IRQHandler
                0x080016c0                I2C1_EV_IRQHandler
                0x080016c0                DMA1_Channel6_IRQHandler
                0x080016c0                TIM3_IRQHandler
                0x080016c0                RCC_IRQHandler
                0x080016c0                DMA1_Channel1_IRQHandler
                0x080016c0                Default_Handler
                0x080016c0                CEC_IRQHandler
                0x080016c0                EXTI15_10_IRQHandler
                0x080016c0                TIM7_IRQHandler
                0x080016c0                EXTI9_5_IRQHandler
                0x080016c0                SPI2_IRQHandler
                0x080016c0                DMA1_Channel5_IRQHandler
                0x080016c0                EXTI4_IRQHandler
                0x080016c0                TIM1_TRG_COM_TIM17_IRQHandler
                0x080016c0                DMA1_Channel3_IRQHandler
                0x080016c0                WWDG_IRQHandler
                0x080016c0                TIM2_IRQHandler
                0x080016c0                EXTI1_IRQHandler
                0x080016c0                RTCAlarm_IRQHandler
                0x080016c0                USART2_IRQHandler
                0x080016c0                I2C2_ER_IRQHandler
                0x080016c0                DMA1_Channel2_IRQHandler
                0x080016c0                FLASH_IRQHandler
                0x080016c0                USART1_IRQHandler
                0x080016c0                I2C1_ER_IRQHandler
                0x080016c0                TIM1_BRK_TIM15_IRQHandler
 *(.rodata)
 *(.rodata*)
 *(.glue_7)
 .glue_7        0x00000000        0x0 linker stubs
 *(.glue_7t)
 .glue_7t       0x00000000        0x0 linker stubs
 *(.init)
 *fill*         0x080016c2        0x2 00
 .init          0x080016c4        0x4 /home/cuil/CodeSourcery/Sourcery_G++_Lite/bin/../lib/gcc/arm-none-eabi/4.5.2/thumb2/crti.o
                0x080016c4                _init
 .init          0x080016c8        0x8 /home/cuil/CodeSourcery/Sourcery_G++_Lite/bin/../lib/gcc/arm-none-eabi/4.5.2/thumb2/crtn.o
 *(.fini)
 .fini          0x080016d0        0x4 /home/cuil/CodeSourcery/Sourcery_G++_Lite/bin/../lib/gcc/arm-none-eabi/4.5.2/thumb2/crti.o
                0x080016d0                _fini
 .fini          0x080016d4        0x8 /home/cuil/CodeSourcery/Sourcery_G++_Lite/bin/../lib/gcc/arm-none-eabi/4.5.2/thumb2/crtn.o
                0x080016dc                . = ALIGN (0x4)
                0x080016dc                _etext = .

.vfp11_veneer   0x080016dc        0x0
 .vfp11_veneer  0x00000000        0x0 linker stubs

.v4_bx          0x080016dc        0x0
 .v4_bx         0x00000000        0x0 linker stubs

.ARM.extab
 *(.ARM.extab* .gnu.linkonce.armextab.*)

.ARM            0x080016dc        0x0
                0x080016dc                __exidx_start = .
 *(.ARM.exidx*)
                0x080016dc                __exidx_end = .

.ARM.attributes
                0x00000000       0x25
 *(.ARM.attributes)
 .ARM.attributes
                0x00000000       0x19 /home/cuil/CodeSourcery/Sourcery_G++_Lite/bin/../lib/gcc/arm-none-eabi/4.5.2/thumb2/crti.o
 .ARM.attributes
                0x00000019       0x29 /home/cuil/CodeSourcery/Sourcery_G++_Lite/bin/../lib/gcc/arm-none-eabi/4.5.2/thumb2/crtbegin.o
 .ARM.attributes
                0x00000042       0x31 ./src/core_cm3.o
 .ARM.attributes
                0x00000073       0x31 ./src/main.o
 .ARM.attributes
                0x000000a4       0x21 ./src/startup_stm32f10x_md_vl.o
 .ARM.attributes
                0x000000c5       0x31 ./src/stm32f10x_it.o
 .ARM.attributes
                0x000000f6       0x31 ./src/system_stm32f10x.o
 .ARM.attributes
                0x00000127       0x31 ./peri_library/peri_src/misc.o
 .ARM.attributes
                0x00000158       0x31 ./peri_library/peri_src/stm32f10x_adc.o
 .ARM.attributes
                0x00000189       0x31 ./peri_library/peri_src/stm32f10x_bkp.o
 .ARM.attributes
                0x000001ba       0x31 ./peri_library/peri_src/stm32f10x_can.o
 .ARM.attributes
                0x000001eb       0x31 ./peri_library/peri_src/stm32f10x_cec.o
 .ARM.attributes
                0x0000021c       0x31 ./peri_library/peri_src/stm32f10x_crc.o
 .ARM.attributes
                0x0000024d       0x31 ./peri_library/peri_src/stm32f10x_dac.o
 .ARM.attributes
                0x0000027e       0x31 ./peri_library/peri_src/stm32f10x_dbgmcu.o
 .ARM.attributes
                0x000002af       0x31 ./peri_library/peri_src/stm32f10x_dma.o
 .ARM.attributes
                0x000002e0       0x31 ./peri_library/peri_src/stm32f10x_exti.o
 .ARM.attributes
                0x00000311       0x31 ./peri_library/peri_src/stm32f10x_flash.o
 .ARM.attributes
                0x00000342       0x31 ./peri_library/peri_src/stm32f10x_fsmc.o
 .ARM.attributes
                0x00000373       0x31 ./peri_library/peri_src/stm32f10x_gpio.o
 .ARM.attributes
                0x000003a4       0x31 ./peri_library/peri_src/stm32f10x_i2c.o
 .ARM.attributes
                0x000003d5       0x31 ./peri_library/peri_src/stm32f10x_iwdg.o
 .ARM.attributes
                0x00000406       0x31 ./peri_library/peri_src/stm32f10x_pwr.o
 .ARM.attributes
                0x00000437       0x31 ./peri_library/peri_src/stm32f10x_rcc.o
 .ARM.attributes
                0x00000468       0x31 ./peri_library/peri_src/stm32f10x_rtc.o
 .ARM.attributes
                0x00000499       0x31 ./peri_library/peri_src/stm32f10x_sdio.o
 .ARM.attributes
                0x000004ca       0x31 ./peri_library/peri_src/stm32f10x_spi.o
 .ARM.attributes
                0x000004fb       0x31 ./peri_library/peri_src/stm32f10x_tim.o
 .ARM.attributes
                0x0000052c       0x31 ./peri_library/peri_src/stm32f10x_usart.o
 .ARM.attributes
                0x0000055d       0x31 ./peri_library/peri_src/stm32f10x_wwdg.o
 .ARM.attributes
                0x0000058e       0x29 /home/cuil/CodeSourcery/Sourcery_G++_Lite/bin/../lib/gcc/arm-none-eabi/4.5.2/../../../../arm-none-eabi/lib/thumb2/libc.a(lib_a-init.o)
 .ARM.attributes
                0x000005b7       0x29 /home/cuil/CodeSourcery/Sourcery_G++_Lite/bin/../lib/gcc/arm-none-eabi/4.5.2/thumb2/crtend.o
 .ARM.attributes
                0x000005e0       0x19 /home/cuil/CodeSourcery/Sourcery_G++_Lite/bin/../lib/gcc/arm-none-eabi/4.5.2/thumb2/crtn.o

.preinit_array  0x080016dc        0x0
                0x080016dc                PROVIDE (__preinit_array_start, .)
 *(.preinit_array*)
                0x080016dc                PROVIDE (__preinit_array_end, .)

.init_array     0x080016dc        0x4
                0x080016dc                PROVIDE (__init_array_start, .)
 *(SORT(.init_array.*))
 *(.init_array*)
 .init_array    0x080016dc        0x4 /home/cuil/CodeSourcery/Sourcery_G++_Lite/bin/../lib/gcc/arm-none-eabi/4.5.2/thumb2/crtbegin.o
                0x080016e0                PROVIDE (__init_array_end, .)

.fini_array     0x080016e0        0x4
                0x080016e0                PROVIDE (__fini_array_start, .)
 *(.fini_array*)
 .fini_array    0x080016e0        0x4 /home/cuil/CodeSourcery/Sourcery_G++_Lite/bin/../lib/gcc/arm-none-eabi/4.5.2/thumb2/crtbegin.o
 *(SORT(.fini_array.*))
                0x080016e4                PROVIDE (__fini_array_end, .)
                0x080016e4                _sidata = .

.data           0x20000000       0x28 load address 0x080016e4
                0x20000000                . = ALIGN (0x4)
                0x20000000                _sdata = .
 *(.data)
 .data          0x20000000       0x14 ./src/system_stm32f10x.o
                0x20000000                SystemCoreClock
                0x20000004                AHBPrescTable
 .data          0x20000014       0x14 ./peri_library/peri_src/stm32f10x_rcc.o
 *(.data*)
                0x20000028                . = ALIGN (0x4)
                0x20000028                _edata = .

.jcr            0x20000028        0x0 load address 0x0800170c
 .jcr           0x20000028        0x0 /home/cuil/CodeSourcery/Sourcery_G++_Lite/bin/../lib/gcc/arm-none-eabi/4.5.2/thumb2/crtbegin.o
                0x20000028                . = ALIGN (0x4)

.bss            0x20000028        0xc load address 0x0800170c
                0x20000028                _sbss = .
                0x20000028                __bss_start__ = _sbss
 *(.bss)
 .bss           0x20000028        0x1 /home/cuil/CodeSourcery/Sourcery_G++_Lite/bin/../lib/gcc/arm-none-eabi/4.5.2/thumb2/crtbegin.o
 *(.bss*)
 *(COMMON)
 *fill*         0x20000029        0x3 00
 COMMON         0x2000002c        0x8 ./src/main.o
                0x2000002c                GPIO_InitStructure
                0x20000030                timingdelay
                0x20000034                . = ALIGN (0x4)
                0x20000034                _ebss = .
                0x20000034                __bss_end__ = _ebss
                0x20000034                PROVIDE (end, _ebss)
                0x20000034                PROVIDE (_end, _ebss)

._user_heap_stack
                0x20000034      0x800 load address 0x08001718
                0x20000034                . = ALIGN (0x4)
                0x20000034                . = (. + _Min_Heap_Size)
                0x20000834                . = (. + _Min_Stack_Size)
 *fill*         0x20000034      0x800 00
                0x20000834                . = ALIGN (0x4)

.memory_b1_text
 *(.mb1text)
 *(.mb1text*)
 *(.mb1rodata)
 *(.mb1rodata*)

/DISCARD/
 libc.a(*)
 libm.a(*)
 libgcc.a(*)
OUTPUT(gpio.elf elf32-littlearm)

.debug_abbrev   0x00000000     0x23b1
 .debug_abbrev  0x00000000       0xd7 ./src/core_cm3.o
 .debug_abbrev  0x000000d7      0x1d3 ./src/main.o
 .debug_abbrev  0x000002aa       0x86 ./src/stm32f10x_it.o
 .debug_abbrev  0x00000330      0x164 ./src/system_stm32f10x.o
 .debug_abbrev  0x00000494      0x137 ./peri_library/peri_src/misc.o
 .debug_abbrev  0x000005cb      0x176 ./peri_library/peri_src/stm32f10x_adc.o
 .debug_abbrev  0x00000741      0x158 ./peri_library/peri_src/stm32f10x_bkp.o
 .debug_abbrev  0x00000899      0x1ae ./peri_library/peri_src/stm32f10x_can.o
 .debug_abbrev  0x00000a47      0x18b ./peri_library/peri_src/stm32f10x_cec.o
 .debug_abbrev  0x00000bd2      0x10c ./peri_library/peri_src/stm32f10x_crc.o
 .debug_abbrev  0x00000cde      0x174 ./peri_library/peri_src/stm32f10x_dac.o
 .debug_abbrev  0x00000e52       0xdc ./peri_library/peri_src/stm32f10x_dbgmcu.o
 .debug_abbrev  0x00000f2e      0x150 ./peri_library/peri_src/stm32f10x_dma.o
 .debug_abbrev  0x0000107e      0x14c ./peri_library/peri_src/stm32f10x_exti.o
 .debug_abbrev  0x000011ca      0x173 ./peri_library/peri_src/stm32f10x_flash.o
 .debug_abbrev  0x0000133d      0x168 ./peri_library/peri_src/stm32f10x_fsmc.o
 .debug_abbrev  0x000014a5      0x1a6 ./peri_library/peri_src/stm32f10x_gpio.o
 .debug_abbrev  0x0000164b      0x15f ./peri_library/peri_src/stm32f10x_i2c.o
 .debug_abbrev  0x000017aa       0xfc ./peri_library/peri_src/stm32f10x_iwdg.o
 .debug_abbrev  0x000018a6      0x142 ./peri_library/peri_src/stm32f10x_pwr.o
 .debug_abbrev  0x000019e8      0x193 ./peri_library/peri_src/stm32f10x_rcc.o
 .debug_abbrev  0x00001b7b      0x168 ./peri_library/peri_src/stm32f10x_rtc.o
 .debug_abbrev  0x00001ce3      0x1a4 ./peri_library/peri_src/stm32f10x_sdio.o
 .debug_abbrev  0x00001e87      0x15f ./peri_library/peri_src/stm32f10x_spi.o
 .debug_abbrev  0x00001fe6      0x174 ./peri_library/peri_src/stm32f10x_tim.o
 .debug_abbrev  0x0000215a      0x15d ./peri_library/peri_src/stm32f10x_usart.o
 .debug_abbrev  0x000022b7       0xfa ./peri_library/peri_src/stm32f10x_wwdg.o

.debug_info     0x00000000     0xbf7b
 .debug_info    0x00000000      0x54c ./src/core_cm3.o
 .debug_info    0x0000054c      0x7b1 ./src/main.o
 .debug_info    0x00000cfd      0x162 ./src/stm32f10x_it.o
 .debug_info    0x00000e5f      0x2ac ./src/system_stm32f10x.o
 .debug_info    0x0000110b      0x54a ./peri_library/peri_src/misc.o
 .debug_info    0x00001655      0xc12 ./peri_library/peri_src/stm32f10x_adc.o
 .debug_info    0x00002267      0x87d ./peri_library/peri_src/stm32f10x_bkp.o
 .debug_info    0x00002ae4      0xb01 ./peri_library/peri_src/stm32f10x_can.o
 .debug_info    0x000035e5      0x440 ./peri_library/peri_src/stm32f10x_cec.o
 .debug_info    0x00003a25      0x204 ./peri_library/peri_src/stm32f10x_crc.o
 .debug_info    0x00003c29      0x675 ./peri_library/peri_src/stm32f10x_dac.o
 .debug_info    0x0000429e      0x15e ./peri_library/peri_src/stm32f10x_dbgmcu.o
 .debug_info    0x000043fc      0x46d ./peri_library/peri_src/stm32f10x_dma.o
 .debug_info    0x00004869      0x365 ./peri_library/peri_src/stm32f10x_exti.o
 .debug_info    0x00004bce      0x81c ./peri_library/peri_src/stm32f10x_flash.o
 .debug_info    0x000053ea      0x98f ./peri_library/peri_src/stm32f10x_fsmc.o
 .debug_info    0x00005d79      0x727 ./peri_library/peri_src/stm32f10x_gpio.o
 .debug_info    0x000064a0      0xb5f ./peri_library/peri_src/stm32f10x_i2c.o
 .debug_info    0x00006fff      0x204 ./peri_library/peri_src/stm32f10x_iwdg.o
 .debug_info    0x00007203      0x2ce ./peri_library/peri_src/stm32f10x_pwr.o
 .debug_info    0x000074d1      0x97a ./peri_library/peri_src/stm32f10x_rcc.o
 .debug_info    0x00007e4b      0x463 ./peri_library/peri_src/stm32f10x_rtc.o
 .debug_info    0x000082ae      0x893 ./peri_library/peri_src/stm32f10x_sdio.o
 .debug_info    0x00008b41      0x975 ./peri_library/peri_src/stm32f10x_spi.o
 .debug_info    0x000094b6     0x1e1c ./peri_library/peri_src/stm32f10x_tim.o
 .debug_info    0x0000b2d2      0xa70 ./peri_library/peri_src/stm32f10x_usart.o
 .debug_info    0x0000bd42      0x239 ./peri_library/peri_src/stm32f10x_wwdg.o

.debug_line     0x00000000     0x51e8
 .debug_line    0x00000000      0x1a9 ./src/core_cm3.o
 .debug_line    0x000001a9      0x2a8 ./src/main.o
 .debug_line    0x00000451      0x27b ./src/stm32f10x_it.o
 .debug_line    0x000006cc      0x2ab ./src/system_stm32f10x.o
 .debug_line    0x00000977      0x263 ./peri_library/peri_src/misc.o
 .debug_line    0x00000bda      0x3a7 ./peri_library/peri_src/stm32f10x_adc.o
 .debug_line    0x00000f81      0x297 ./peri_library/peri_src/stm32f10x_bkp.o
 .debug_line    0x00001218      0x3fb ./peri_library/peri_src/stm32f10x_can.o
 .debug_line    0x00001613      0x2bd ./peri_library/peri_src/stm32f10x_cec.o
 .debug_line    0x000018d0      0x27e ./peri_library/peri_src/stm32f10x_crc.o
 .debug_line    0x00001b4e      0x2e2 ./peri_library/peri_src/stm32f10x_dac.o
 .debug_line    0x00001e30      0x269 ./peri_library/peri_src/stm32f10x_dbgmcu.o
 .debug_line    0x00002099      0x2da ./peri_library/peri_src/stm32f10x_dma.o
 .debug_line    0x00002373      0x292 ./peri_library/peri_src/stm32f10x_exti.o
 .debug_line    0x00002605      0x3de ./peri_library/peri_src/stm32f10x_flash.o
 .debug_line    0x000029e3      0x3c1 ./peri_library/peri_src/stm32f10x_fsmc.o
 .debug_line    0x00002da4      0x317 ./peri_library/peri_src/stm32f10x_gpio.o
 .debug_line    0x000030bb      0x375 ./peri_library/peri_src/stm32f10x_i2c.o
 .debug_line    0x00003430      0x276 ./peri_library/peri_src/stm32f10x_iwdg.o
 .debug_line    0x000036a6      0x29f ./peri_library/peri_src/stm32f10x_pwr.o
 .debug_line    0x00003945      0x37f ./peri_library/peri_src/stm32f10x_rcc.o
 .debug_line    0x00003cc4      0x2bb ./peri_library/peri_src/stm32f10x_rtc.o
 .debug_line    0x00003f7f      0x31f ./peri_library/peri_src/stm32f10x_sdio.o
 .debug_line    0x0000429e      0x346 ./peri_library/peri_src/stm32f10x_spi.o
 .debug_line    0x000045e4      0x622 ./peri_library/peri_src/stm32f10x_tim.o
 .debug_line    0x00004c06      0x363 ./peri_library/peri_src/stm32f10x_usart.o
 .debug_line    0x00004f69      0x27f ./peri_library/peri_src/stm32f10x_wwdg.o

.debug_macinfo  0x00000000   0x616371
 .debug_macinfo
                0x00000000     0x2af3 ./src/core_cm3.o
 .debug_macinfo
                0x00002af3    0x3adaf ./src/main.o
 .debug_macinfo
                0x0003d8a2    0x3adc7 ./src/stm32f10x_it.o
 .debug_macinfo
                0x00078669    0x3adcc ./src/system_stm32f10x.o
 .debug_macinfo
                0x000b3435    0x3addf ./peri_library/peri_src/misc.o
 .debug_macinfo
                0x000ee214    0x3d5ad ./peri_library/peri_src/stm32f10x_adc.o
 .debug_macinfo
                0x0012b7c1    0x3bb9f ./peri_library/peri_src/stm32f10x_bkp.o
 .debug_macinfo
                0x00167360    0x3c566 ./peri_library/peri_src/stm32f10x_can.o
 .debug_macinfo
                0x001a38c6    0x3b6f3 ./peri_library/peri_src/stm32f10x_cec.o
 .debug_macinfo
                0x001defb9    0x3adee ./peri_library/peri_src/stm32f10x_crc.o
 .debug_macinfo
                0x00219da7    0x3c07a ./peri_library/peri_src/stm32f10x_dac.o
 .debug_macinfo
                0x00255e21    0x3b29e ./peri_library/peri_src/stm32f10x_dbgmcu.o
 .debug_macinfo
                0x002910bf    0x3d490 ./peri_library/peri_src/stm32f10x_dma.o
 .debug_macinfo
                0x002ce54f    0x3add7 ./peri_library/peri_src/stm32f10x_exti.o
 .debug_macinfo
                0x00309326    0x3c8ef ./peri_library/peri_src/stm32f10x_flash.o
 .debug_macinfo
                0x00345c15    0x3c675 ./peri_library/peri_src/stm32f10x_fsmc.o
 .debug_macinfo
                0x0038228a    0x3b00e ./peri_library/peri_src/stm32f10x_gpio.o
 .debug_macinfo
                0x003bd298    0x3cef6 ./peri_library/peri_src/stm32f10x_i2c.o
 .debug_macinfo
                0x003fa18e    0x3b1bf ./peri_library/peri_src/stm32f10x_iwdg.o
 .debug_macinfo
                0x0043534d    0x3b565 ./peri_library/peri_src/stm32f10x_pwr.o
 .debug_macinfo
                0x004708b2    0x3b598 ./peri_library/peri_src/stm32f10x_rcc.o
 .debug_macinfo
                0x004abe4a    0x3b136 ./peri_library/peri_src/stm32f10x_rtc.o
 .debug_macinfo
                0x004e6f80    0x3d428 ./peri_library/peri_src/stm32f10x_sdio.o
 .debug_macinfo
                0x005243a8    0x3c91b ./peri_library/peri_src/stm32f10x_spi.o
 .debug_macinfo
                0x00560cc3    0x3f417 ./peri_library/peri_src/stm32f10x_tim.o
 .debug_macinfo
                0x005a00da    0x3b1c9 ./peri_library/peri_src/stm32f10x_usart.o
 .debug_macinfo
                0x005db2a3    0x3b0ce ./peri_library/peri_src/stm32f10x_wwdg.o

.debug_loc      0x00000000     0x6cf8
 .debug_loc     0x00000000      0x3f0 ./src/core_cm3.o
 .debug_loc     0x000003f0      0x170 ./src/main.o
 .debug_loc     0x00000560      0x18c ./src/stm32f10x_it.o
 .debug_loc     0x000006ec       0xc8 ./src/system_stm32f10x.o
 .debug_loc     0x000007b4      0x118 ./peri_library/peri_src/misc.o
 .debug_loc     0x000008cc      0x7d4 ./peri_library/peri_src/stm32f10x_adc.o
 .debug_loc     0x000010a0      0x264 ./peri_library/peri_src/stm32f10x_bkp.o
 .debug_loc     0x00001304      0x460 ./peri_library/peri_src/stm32f10x_can.o
 .debug_loc     0x00001764      0x2ec ./peri_library/peri_src/stm32f10x_cec.o
 .debug_loc     0x00001a50      0x12c ./peri_library/peri_src/stm32f10x_crc.o
 .debug_loc     0x00001b7c      0x3ac ./peri_library/peri_src/stm32f10x_dac.o
 .debug_loc     0x00001f28       0x90 ./peri_library/peri_src/stm32f10x_dbgmcu.o
 .debug_loc     0x00001fb8      0x230 ./peri_library/peri_src/stm32f10x_dma.o
 .debug_loc     0x000021e8      0x1b4 ./peri_library/peri_src/stm32f10x_exti.o
 .debug_loc     0x0000239c      0x5d8 ./peri_library/peri_src/stm32f10x_flash.o
 .debug_loc     0x00002974      0x41c ./peri_library/peri_src/stm32f10x_fsmc.o
 .debug_loc     0x00002d90      0x3e4 ./peri_library/peri_src/stm32f10x_gpio.o
 .debug_loc     0x00003174      0x700 ./peri_library/peri_src/stm32f10x_i2c.o
 .debug_loc     0x00003874      0x138 ./peri_library/peri_src/stm32f10x_iwdg.o
 .debug_loc     0x000039ac      0x238 ./peri_library/peri_src/stm32f10x_pwr.o
 .debug_loc     0x00003be4      0x714 ./peri_library/peri_src/stm32f10x_rcc.o
 .debug_loc     0x000042f8      0x2e0 ./peri_library/peri_src/stm32f10x_rtc.o
 .debug_loc     0x000045d8      0x648 ./peri_library/peri_src/stm32f10x_sdio.o
 .debug_loc     0x00004c20      0x508 ./peri_library/peri_src/stm32f10x_spi.o
 .debug_loc     0x00005128     0x13e8 ./peri_library/peri_src/stm32f10x_tim.o
 .debug_loc     0x00006510      0x658 ./peri_library/peri_src/stm32f10x_usart.o
 .debug_loc     0x00006b68      0x190 ./peri_library/peri_src/stm32f10x_wwdg.o

.debug_pubnames
                0x00000000     0x2d0b
 .debug_pubnames
                0x00000000      0x159 ./src/core_cm3.o
 .debug_pubnames
                0x00000159       0x7a ./src/main.o
 .debug_pubnames
                0x000001d3       0xc6 ./src/stm32f10x_it.o
 .debug_pubnames
                0x00000299       0x61 ./src/system_stm32f10x.o
 .debug_pubnames
                0x000002fa       0x89 ./peri_library/peri_src/misc.o
 .debug_pubnames
                0x00000383      0x401 ./peri_library/peri_src/stm32f10x_adc.o
 .debug_pubnames
                0x00000784      0x128 ./peri_library/peri_src/stm32f10x_bkp.o
 .debug_pubnames
                0x000008ac      0x17b ./peri_library/peri_src/stm32f10x_can.o
 .debug_pubnames
                0x00000a27      0x12b ./peri_library/peri_src/stm32f10x_cec.o
 .debug_pubnames
                0x00000b52       0x82 ./peri_library/peri_src/stm32f10x_crc.o
 .debug_pubnames
                0x00000bd4      0x17d ./peri_library/peri_src/stm32f10x_dac.o
 .debug_pubnames
                0x00000d51       0x4c ./peri_library/peri_src/stm32f10x_dbgmcu.o
 .debug_pubnames
                0x00000d9d       0xcf ./peri_library/peri_src/stm32f10x_dma.o
 .debug_pubnames
                0x00000e6c       0xbb ./peri_library/peri_src/stm32f10x_exti.o
 .debug_pubnames
                0x00000f27      0x2f2 ./peri_library/peri_src/stm32f10x_flash.o
 .debug_pubnames
                0x00001219      0x1a3 ./peri_library/peri_src/stm32f10x_fsmc.o
 .debug_pubnames
                0x000013bc      0x19d ./peri_library/peri_src/stm32f10x_gpio.o
 .debug_pubnames
                0x00001559      0x2b0 ./peri_library/peri_src/stm32f10x_i2c.o
 .debug_pubnames
                0x00001809       0x91 ./peri_library/peri_src/stm32f10x_iwdg.o
 .debug_pubnames
                0x0000189a       0xcb ./peri_library/peri_src/stm32f10x_pwr.o
 .debug_pubnames
                0x00001965      0x2da ./peri_library/peri_src/stm32f10x_rcc.o
 .debug_pubnames
                0x00001c3f      0x136 ./peri_library/peri_src/stm32f10x_rtc.o
 .debug_pubnames
                0x00001d75      0x2ac ./peri_library/peri_src/stm32f10x_sdio.o
 .debug_pubnames
                0x00002021      0x1f6 ./peri_library/peri_src/stm32f10x_spi.o
 .debug_pubnames
                0x00002217      0x7b0 ./peri_library/peri_src/stm32f10x_tim.o
 .debug_pubnames
                0x000029c7      0x294 ./peri_library/peri_src/stm32f10x_usart.o
 .debug_pubnames
                0x00002c5b       0xb0 ./peri_library/peri_src/stm32f10x_wwdg.o

.debug_pubtypes
                0x00000000      0xf6d
 .debug_pubtypes
                0x00000000       0x50 ./src/core_cm3.o
 .debug_pubtypes
                0x00000050       0xcc ./src/main.o
 .debug_pubtypes
                0x0000011c       0x12 ./src/stm32f10x_it.o
 .debug_pubtypes
                0x0000012e       0x48 ./src/system_stm32f10x.o
 .debug_pubtypes
                0x00000176       0x80 ./peri_library/peri_src/misc.o
 .debug_pubtypes
                0x000001f6       0x8c ./peri_library/peri_src/stm32f10x_adc.o
 .debug_pubtypes
                0x00000282       0x78 ./peri_library/peri_src/stm32f10x_bkp.o
 .debug_pubtypes
                0x000002fa      0x115 ./peri_library/peri_src/stm32f10x_can.o
 .debug_pubtypes
                0x0000040f       0x8c ./peri_library/peri_src/stm32f10x_cec.o
 .debug_pubtypes
                0x0000049b       0x48 ./peri_library/peri_src/stm32f10x_crc.o
 .debug_pubtypes
                0x000004e3       0x8c ./peri_library/peri_src/stm32f10x_dac.o
 .debug_pubtypes
                0x0000056f       0x46 ./peri_library/peri_src/stm32f10x_dbgmcu.o
 .debug_pubtypes
                0x000005b5       0x98 ./peri_library/peri_src/stm32f10x_dma.o
 .debug_pubtypes
                0x0000064d       0xa2 ./peri_library/peri_src/stm32f10x_exti.o
 .debug_pubtypes
                0x000006ef       0x8d ./peri_library/peri_src/stm32f10x_flash.o
 .debug_pubtypes
                0x0000077c      0x168 ./peri_library/peri_src/stm32f10x_fsmc.o
 .debug_pubtypes
                0x000008e4       0xc3 ./peri_library/peri_src/stm32f10x_gpio.o
 .debug_pubtypes
                0x000009a7       0xb2 ./peri_library/peri_src/stm32f10x_i2c.o
 .debug_pubtypes
                0x00000a59       0x58 ./peri_library/peri_src/stm32f10x_iwdg.o
 .debug_pubtypes
                0x00000ab1       0x5e ./peri_library/peri_src/stm32f10x_pwr.o
 .debug_pubtypes
                0x00000b0f       0x9e ./peri_library/peri_src/stm32f10x_rcc.o
 .debug_pubtypes
                0x00000bad       0x6c ./peri_library/peri_src/stm32f10x_rtc.o
 .debug_pubtypes
                0x00000c19       0xb2 ./peri_library/peri_src/stm32f10x_sdio.o
 .debug_pubtypes
                0x00000ccb       0xb6 ./peri_library/peri_src/stm32f10x_spi.o
 .debug_pubtypes
                0x00000d81       0xd8 ./peri_library/peri_src/stm32f10x_tim.o
 .debug_pubtypes
                0x00000e59       0xc9 ./peri_library/peri_src/stm32f10x_usart.o
 .debug_pubtypes
                0x00000f22       0x4b ./peri_library/peri_src/stm32f10x_wwdg.o

.debug_aranges  0x00000000      0x360
 .debug_aranges
                0x00000000       0x20 ./src/core_cm3.o
 .debug_aranges
                0x00000020       0x20 ./src/main.o
 .debug_aranges
                0x00000040       0x20 ./src/stm32f10x_it.o
 .debug_aranges
                0x00000060       0x20 ./src/system_stm32f10x.o
 .debug_aranges
                0x00000080       0x20 ./peri_library/peri_src/misc.o
 .debug_aranges
                0x000000a0       0x20 ./peri_library/peri_src/stm32f10x_adc.o
 .debug_aranges
                0x000000c0       0x20 ./peri_library/peri_src/stm32f10x_bkp.o
 .debug_aranges
                0x000000e0       0x20 ./peri_library/peri_src/stm32f10x_can.o
 .debug_aranges
                0x00000100       0x20 ./peri_library/peri_src/stm32f10x_cec.o
 .debug_aranges
                0x00000120       0x20 ./peri_library/peri_src/stm32f10x_crc.o
 .debug_aranges
                0x00000140       0x20 ./peri_library/peri_src/stm32f10x_dac.o
 .debug_aranges
                0x00000160       0x20 ./peri_library/peri_src/stm32f10x_dbgmcu.o
 .debug_aranges
                0x00000180       0x20 ./peri_library/peri_src/stm32f10x_dma.o
 .debug_aranges
                0x000001a0       0x20 ./peri_library/peri_src/stm32f10x_exti.o
 .debug_aranges
                0x000001c0       0x20 ./peri_library/peri_src/stm32f10x_flash.o
 .debug_aranges
                0x000001e0       0x20 ./peri_library/peri_src/stm32f10x_fsmc.o
 .debug_aranges
                0x00000200       0x20 ./peri_library/peri_src/stm32f10x_gpio.o
 .debug_aranges
                0x00000220       0x20 ./peri_library/peri_src/stm32f10x_i2c.o
 .debug_aranges
                0x00000240       0x20 ./peri_library/peri_src/stm32f10x_iwdg.o
 .debug_aranges
                0x00000260       0x20 ./peri_library/peri_src/stm32f10x_pwr.o
 .debug_aranges
                0x00000280       0x20 ./peri_library/peri_src/stm32f10x_rcc.o
 .debug_aranges
                0x000002a0       0x20 ./peri_library/peri_src/stm32f10x_rtc.o
 .debug_aranges
                0x000002c0       0x20 ./peri_library/peri_src/stm32f10x_sdio.o
 .debug_aranges
                0x000002e0       0x20 ./peri_library/peri_src/stm32f10x_spi.o
 .debug_aranges
                0x00000300       0x20 ./peri_library/peri_src/stm32f10x_tim.o
 .debug_aranges
                0x00000320       0x20 ./peri_library/peri_src/stm32f10x_usart.o
 .debug_aranges
                0x00000340       0x20 ./peri_library/peri_src/stm32f10x_wwdg.o

.debug_str      0x00000000     0x4e43
 .debug_str     0x00000000      0x1f2 ./src/core_cm3.o
                                0x236 (size before relaxing)
 .debug_str     0x000001f2      0x545 ./src/main.o
                                0x633 (size before relaxing)
 .debug_str     0x00000737       0xa6 ./src/stm32f10x_it.o
                                0x181 (size before relaxing)
 .debug_str     0x000007dd       0xd0 ./src/system_stm32f10x.o
                                0x1eb (size before relaxing)
 .debug_str     0x000008ad      0x176 ./peri_library/peri_src/misc.o
                                0x339 (size before relaxing)
 .debug_str     0x00000a23      0x528 ./peri_library/peri_src/stm32f10x_adc.o
                                0x671 (size before relaxing)
 .debug_str     0x00000f4b      0x3b2 ./peri_library/peri_src/stm32f10x_bkp.o
                                0x52b (size before relaxing)
 .debug_str     0x000012fd      0x465 ./peri_library/peri_src/stm32f10x_can.o
                                0x5e7 (size before relaxing)
 .debug_str     0x00001762      0x19a ./peri_library/peri_src/stm32f10x_cec.o
                                0x2ec (size before relaxing)
 .debug_str     0x000018fc       0xb0 ./peri_library/peri_src/stm32f10x_crc.o
                                0x1b1 (size before relaxing)
 .debug_str     0x000019ac      0x263 ./peri_library/peri_src/stm32f10x_dac.o
                                0x3b9 (size before relaxing)
 .debug_str     0x00001c0f       0x7e ./peri_library/peri_src/stm32f10x_dbgmcu.o
                                0x17d (size before relaxing)
 .debug_str     0x00001c8d      0x1d9 ./peri_library/peri_src/stm32f10x_dma.o
                                0x30c (size before relaxing)
 .debug_str     0x00001e66      0x1ad ./peri_library/peri_src/stm32f10x_exti.o
                                0x2d4 (size before relaxing)
 .debug_str     0x00002013      0x40d ./peri_library/peri_src/stm32f10x_flash.o
                                0x55e (size before relaxing)
 .debug_str     0x00002420      0x5a5 ./peri_library/peri_src/stm32f10x_fsmc.o
                                0x6e4 (size before relaxing)
 .debug_str     0x000029c5      0x247 ./peri_library/peri_src/stm32f10x_gpio.o
                                0x48f (size before relaxing)
 .debug_str     0x00002c0c      0x3f7 ./peri_library/peri_src/stm32f10x_i2c.o
                                0x5b4 (size before relaxing)
 .debug_str     0x00003003       0xc8 ./peri_library/peri_src/stm32f10x_iwdg.o
                                0x1d2 (size before relaxing)
 .debug_str     0x000030cb      0x108 ./peri_library/peri_src/stm32f10x_pwr.o
                                0x231 (size before relaxing)
 .debug_str     0x000031d3      0x388 ./peri_library/peri_src/stm32f10x_rcc.o
                                0x5e3 (size before relaxing)
 .debug_str     0x0000355b      0x180 ./peri_library/peri_src/stm32f10x_rtc.o
                                0x310 (size before relaxing)
 .debug_str     0x000036db      0x461 ./peri_library/peri_src/stm32f10x_sdio.o
                                0x5b1 (size before relaxing)
 .debug_str     0x00003b3c      0x351 ./peri_library/peri_src/stm32f10x_spi.o
                                0x573 (size before relaxing)
 .debug_str     0x00003e8d      0xae2 ./peri_library/peri_src/stm32f10x_tim.o
                                0xd53 (size before relaxing)
 .debug_str     0x0000496f      0x410 ./peri_library/peri_src/stm32f10x_usart.o
                                0x606 (size before relaxing)
 .debug_str     0x00004d7f       0xc4 ./peri_library/peri_src/stm32f10x_wwdg.o
                                0x1de (size before relaxing)

.comment        0x00000000       0x2a
 .comment       0x00000000       0x2a ./src/core_cm3.o
                                 0x2b (size before relaxing)
 .comment       0x00000000       0x2b ./src/main.o
 .comment       0x00000000       0x2b ./src/stm32f10x_it.o
 .comment       0x00000000       0x2b ./src/system_stm32f10x.o
 .comment       0x00000000       0x2b ./peri_library/peri_src/misc.o
 .comment       0x00000000       0x2b ./peri_library/peri_src/stm32f10x_adc.o
 .comment       0x00000000       0x2b ./peri_library/peri_src/stm32f10x_bkp.o
 .comment       0x00000000       0x2b ./peri_library/peri_src/stm32f10x_can.o
 .comment       0x00000000       0x2b ./peri_library/peri_src/stm32f10x_cec.o
 .comment       0x00000000       0x2b ./peri_library/peri_src/stm32f10x_crc.o
 .comment       0x00000000       0x2b ./peri_library/peri_src/stm32f10x_dac.o
 .comment       0x00000000       0x2b ./peri_library/peri_src/stm32f10x_dbgmcu.o
 .comment       0x00000000       0x2b ./peri_library/peri_src/stm32f10x_dma.o
 .comment       0x00000000       0x2b ./peri_library/peri_src/stm32f10x_exti.o
 .comment       0x00000000       0x2b ./peri_library/peri_src/stm32f10x_flash.o
 .comment       0x00000000       0x2b ./peri_library/peri_src/stm32f10x_fsmc.o
 .comment       0x00000000       0x2b ./peri_library/peri_src/stm32f10x_gpio.o
 .comment       0x00000000       0x2b ./peri_library/peri_src/stm32f10x_i2c.o
 .comment       0x00000000       0x2b ./peri_library/peri_src/stm32f10x_iwdg.o
 .comment       0x00000000       0x2b ./peri_library/peri_src/stm32f10x_pwr.o
 .comment       0x00000000       0x2b ./peri_library/peri_src/stm32f10x_rcc.o
 .comment       0x00000000       0x2b ./peri_library/peri_src/stm32f10x_rtc.o
 .comment       0x00000000       0x2b ./peri_library/peri_src/stm32f10x_sdio.o
 .comment       0x00000000       0x2b ./peri_library/peri_src/stm32f10x_spi.o
 .comment       0x00000000       0x2b ./peri_library/peri_src/stm32f10x_tim.o
 .comment       0x00000000       0x2b ./peri_library/peri_src/stm32f10x_usart.o
 .comment       0x00000000       0x2b ./peri_library/peri_src/stm32f10x_wwdg.o

.debug_frame    0x00000000     0x3a0c
 .debug_frame   0x00000000      0x280 ./src/core_cm3.o
 .debug_frame   0x00000280       0xd8 ./src/main.o
 .debug_frame   0x00000358       0xec ./src/stm32f10x_it.o
 .debug_frame   0x00000444       0x80 ./src/system_stm32f10x.o
 .debug_frame   0x000004c4       0x9c ./peri_library/peri_src/misc.o
 .debug_frame   0x00000560      0x400 ./peri_library/peri_src/stm32f10x_adc.o
 .debug_frame   0x00000960      0x150 ./peri_library/peri_src/stm32f10x_bkp.o
 .debug_frame   0x00000ab0      0x24c ./peri_library/peri_src/stm32f10x_can.o
 .debug_frame   0x00000cfc      0x190 ./peri_library/peri_src/stm32f10x_cec.o
 .debug_frame   0x00000e8c       0xac ./peri_library/peri_src/stm32f10x_crc.o
 .debug_frame   0x00000f38      0x1ec ./peri_library/peri_src/stm32f10x_dac.o
 .debug_frame   0x00001124       0x5c ./peri_library/peri_src/stm32f10x_dbgmcu.o
 .debug_frame   0x00001180      0x128 ./peri_library/peri_src/stm32f10x_dma.o
 .debug_frame   0x000012a8       0xec ./peri_library/peri_src/stm32f10x_exti.o
 .debug_frame   0x00001394      0x338 ./peri_library/peri_src/stm32f10x_flash.o
 .debug_frame   0x000016cc      0x220 ./peri_library/peri_src/stm32f10x_fsmc.o
 .debug_frame   0x000018ec      0x210 ./peri_library/peri_src/stm32f10x_gpio.o
 .debug_frame   0x00001afc      0x398 ./peri_library/peri_src/stm32f10x_i2c.o
 .debug_frame   0x00001e94       0xb0 ./peri_library/peri_src/stm32f10x_iwdg.o
 .debug_frame   0x00001f44      0x140 ./peri_library/peri_src/stm32f10x_pwr.o
 .debug_frame   0x00002084      0x3a4 ./peri_library/peri_src/stm32f10x_rcc.o
 .debug_frame   0x00002428      0x194 ./peri_library/peri_src/stm32f10x_rtc.o
 .debug_frame   0x000025bc      0x340 ./peri_library/peri_src/stm32f10x_sdio.o
 .debug_frame   0x000028fc      0x29c ./peri_library/peri_src/stm32f10x_spi.o
 .debug_frame   0x00002b98      0xa20 ./peri_library/peri_src/stm32f10x_tim.o
 .debug_frame   0x000035b8      0x344 ./peri_library/peri_src/stm32f10x_usart.o
 .debug_frame   0x000038fc       0xe4 ./peri_library/peri_src/stm32f10x_wwdg.o
 .debug_frame   0x000039e0       0x2c /home/cuil/CodeSourcery/Sourcery_G++_Lite/bin/../lib/gcc/arm-none-eabi/4.5.2/../../../../arm-none-eabi/lib/thumb2/libc.a(lib_a-init.o)

Cross Reference Table

Symbol                                            File
ADC1_IRQHandler                                   ./src/startup_stm32f10x_md_vl.o
ADC_AnalogWatchdogCmd                             ./peri_library/peri_src/stm32f10x_adc.o
ADC_AnalogWatchdogSingleChannelConfig             ./peri_library/peri_src/stm32f10x_adc.o
ADC_AnalogWatchdogThresholdsConfig                ./peri_library/peri_src/stm32f10x_adc.o
ADC_AutoInjectedConvCmd                           ./peri_library/peri_src/stm32f10x_adc.o
ADC_ClearFlag                                     ./peri_library/peri_src/stm32f10x_adc.o
ADC_ClearITPendingBit                             ./peri_library/peri_src/stm32f10x_adc.o
ADC_Cmd                                           ./peri_library/peri_src/stm32f10x_adc.o
ADC_DMACmd                                        ./peri_library/peri_src/stm32f10x_adc.o
ADC_DeInit                                        ./peri_library/peri_src/stm32f10x_adc.o
ADC_DiscModeChannelCountConfig                    ./peri_library/peri_src/stm32f10x_adc.o
ADC_DiscModeCmd                                   ./peri_library/peri_src/stm32f10x_adc.o
ADC_ExternalTrigConvCmd                           ./peri_library/peri_src/stm32f10x_adc.o
ADC_ExternalTrigInjectedConvCmd                   ./peri_library/peri_src/stm32f10x_adc.o
ADC_ExternalTrigInjectedConvConfig                ./peri_library/peri_src/stm32f10x_adc.o
ADC_GetCalibrationStatus                          ./peri_library/peri_src/stm32f10x_adc.o
ADC_GetConversionValue                            ./peri_library/peri_src/stm32f10x_adc.o
ADC_GetDualModeConversionValue                    ./peri_library/peri_src/stm32f10x_adc.o
ADC_GetFlagStatus                                 ./peri_library/peri_src/stm32f10x_adc.o
ADC_GetITStatus                                   ./peri_library/peri_src/stm32f10x_adc.o
ADC_GetInjectedConversionValue                    ./peri_library/peri_src/stm32f10x_adc.o
ADC_GetResetCalibrationStatus                     ./peri_library/peri_src/stm32f10x_adc.o
ADC_GetSoftwareStartConvStatus                    ./peri_library/peri_src/stm32f10x_adc.o
ADC_GetSoftwareStartInjectedConvCmdStatus         ./peri_library/peri_src/stm32f10x_adc.o
ADC_ITConfig                                      ./peri_library/peri_src/stm32f10x_adc.o
ADC_Init                                          ./peri_library/peri_src/stm32f10x_adc.o
ADC_InjectedChannelConfig                         ./peri_library/peri_src/stm32f10x_adc.o
ADC_InjectedDiscModeCmd                           ./peri_library/peri_src/stm32f10x_adc.o
ADC_InjectedSequencerLengthConfig                 ./peri_library/peri_src/stm32f10x_adc.o
ADC_RegularChannelConfig                          ./peri_library/peri_src/stm32f10x_adc.o
ADC_ResetCalibration                              ./peri_library/peri_src/stm32f10x_adc.o
ADC_SetInjectedOffset                             ./peri_library/peri_src/stm32f10x_adc.o
ADC_SoftwareStartConvCmd                          ./peri_library/peri_src/stm32f10x_adc.o
ADC_SoftwareStartInjectedConvCmd                  ./peri_library/peri_src/stm32f10x_adc.o
ADC_StartCalibration                              ./peri_library/peri_src/stm32f10x_adc.o
ADC_StructInit                                    ./peri_library/peri_src/stm32f10x_adc.o
ADC_TempSensorVrefintCmd                          ./peri_library/peri_src/stm32f10x_adc.o
AHBPrescTable                                     ./src/system_stm32f10x.o
BKP_ClearFlag                                     ./peri_library/peri_src/stm32f10x_bkp.o
BKP_ClearITPendingBit                             ./peri_library/peri_src/stm32f10x_bkp.o
BKP_DeInit                                        ./peri_library/peri_src/stm32f10x_bkp.o
BKP_GetFlagStatus                                 ./peri_library/peri_src/stm32f10x_bkp.o
BKP_GetITStatus                                   ./peri_library/peri_src/stm32f10x_bkp.o
BKP_ITConfig                                      ./peri_library/peri_src/stm32f10x_bkp.o
BKP_RTCOutputConfig                               ./peri_library/peri_src/stm32f10x_bkp.o
BKP_ReadBackupRegister                            ./peri_library/peri_src/stm32f10x_bkp.o
BKP_SetRTCCalibrationValue                        ./peri_library/peri_src/stm32f10x_bkp.o
BKP_TamperPinCmd                                  ./peri_library/peri_src/stm32f10x_bkp.o
BKP_TamperPinLevelConfig                          ./peri_library/peri_src/stm32f10x_bkp.o
BKP_WriteBackupRegister                           ./peri_library/peri_src/stm32f10x_bkp.o
BusFault_Handler                                  ./src/stm32f10x_it.o
                                                  ./src/startup_stm32f10x_md_vl.o
CAN_CancelTransmit                                ./peri_library/peri_src/stm32f10x_can.o
CAN_ClearFlag                                     ./peri_library/peri_src/stm32f10x_can.o
CAN_ClearITPendingBit                             ./peri_library/peri_src/stm32f10x_can.o
CAN_DBGFreeze                                     ./peri_library/peri_src/stm32f10x_can.o
CAN_DeInit                                        ./peri_library/peri_src/stm32f10x_can.o
CAN_FIFORelease                                   ./peri_library/peri_src/stm32f10x_can.o
CAN_FilterInit                                    ./peri_library/peri_src/stm32f10x_can.o
CAN_GetFlagStatus                                 ./peri_library/peri_src/stm32f10x_can.o
CAN_GetITStatus                                   ./peri_library/peri_src/stm32f10x_can.o
CAN_ITConfig                                      ./peri_library/peri_src/stm32f10x_can.o
CAN_Init                                          ./peri_library/peri_src/stm32f10x_can.o
CAN_MessagePending                                ./peri_library/peri_src/stm32f10x_can.o
CAN_Receive                                       ./peri_library/peri_src/stm32f10x_can.o
CAN_SlaveStartBank                                ./peri_library/peri_src/stm32f10x_can.o
CAN_Sleep                                         ./peri_library/peri_src/stm32f10x_can.o
CAN_StructInit                                    ./peri_library/peri_src/stm32f10x_can.o
CAN_Transmit                                      ./peri_library/peri_src/stm32f10x_can.o
CAN_TransmitStatus                                ./peri_library/peri_src/stm32f10x_can.o
CAN_WakeUp                                        ./peri_library/peri_src/stm32f10x_can.o
CEC_ClearFlag                                     ./peri_library/peri_src/stm32f10x_cec.o
CEC_ClearITPendingBit                             ./peri_library/peri_src/stm32f10x_cec.o
CEC_Cmd                                           ./peri_library/peri_src/stm32f10x_cec.o
CEC_DeInit                                        ./peri_library/peri_src/stm32f10x_cec.o
CEC_EndOfMessageCmd                               ./peri_library/peri_src/stm32f10x_cec.o
CEC_GetFlagStatus                                 ./peri_library/peri_src/stm32f10x_cec.o
CEC_GetITStatus                                   ./peri_library/peri_src/stm32f10x_cec.o
CEC_IRQHandler                                    ./src/startup_stm32f10x_md_vl.o
CEC_ITConfig                                      ./peri_library/peri_src/stm32f10x_cec.o
CEC_Init                                          ./peri_library/peri_src/stm32f10x_cec.o
CEC_OwnAddressConfig                              ./peri_library/peri_src/stm32f10x_cec.o
CEC_ReceiveDataByte                               ./peri_library/peri_src/stm32f10x_cec.o
CEC_SendDataByte                                  ./peri_library/peri_src/stm32f10x_cec.o
CEC_SetPrescaler                                  ./peri_library/peri_src/stm32f10x_cec.o
CEC_StartOfMessage                                ./peri_library/peri_src/stm32f10x_cec.o
CRC_CalcBlockCRC                                  ./peri_library/peri_src/stm32f10x_crc.o
CRC_CalcCRC                                       ./peri_library/peri_src/stm32f10x_crc.o
CRC_GetCRC                                        ./peri_library/peri_src/stm32f10x_crc.o
CRC_GetIDRegister                                 ./peri_library/peri_src/stm32f10x_crc.o
CRC_ResetDR                                       ./peri_library/peri_src/stm32f10x_crc.o
CRC_SetIDRegister                                 ./peri_library/peri_src/stm32f10x_crc.o
DAC_ClearFlag                                     ./peri_library/peri_src/stm32f10x_dac.o
DAC_ClearITPendingBit                             ./peri_library/peri_src/stm32f10x_dac.o
DAC_Cmd                                           ./peri_library/peri_src/stm32f10x_dac.o
DAC_DMACmd                                        ./peri_library/peri_src/stm32f10x_dac.o
DAC_DeInit                                        ./peri_library/peri_src/stm32f10x_dac.o
DAC_DualSoftwareTriggerCmd                        ./peri_library/peri_src/stm32f10x_dac.o
DAC_GetDataOutputValue                            ./peri_library/peri_src/stm32f10x_dac.o
DAC_GetFlagStatus                                 ./peri_library/peri_src/stm32f10x_dac.o
DAC_GetITStatus                                   ./peri_library/peri_src/stm32f10x_dac.o
DAC_ITConfig                                      ./peri_library/peri_src/stm32f10x_dac.o
DAC_Init                                          ./peri_library/peri_src/stm32f10x_dac.o
DAC_SetChannel1Data                               ./peri_library/peri_src/stm32f10x_dac.o
DAC_SetChannel2Data                               ./peri_library/peri_src/stm32f10x_dac.o
DAC_SetDualChannelData                            ./peri_library/peri_src/stm32f10x_dac.o
DAC_SoftwareTriggerCmd                            ./peri_library/peri_src/stm32f10x_dac.o
DAC_StructInit                                    ./peri_library/peri_src/stm32f10x_dac.o
DAC_WaveGenerationCmd                             ./peri_library/peri_src/stm32f10x_dac.o
DBGMCU_Config                                     ./peri_library/peri_src/stm32f10x_dbgmcu.o
DBGMCU_GetDEVID                                   ./peri_library/peri_src/stm32f10x_dbgmcu.o
DBGMCU_GetREVID                                   ./peri_library/peri_src/stm32f10x_dbgmcu.o
DMA1_Channel1_IRQHandler                          ./src/startup_stm32f10x_md_vl.o
DMA1_Channel2_IRQHandler                          ./src/startup_stm32f10x_md_vl.o
DMA1_Channel3_IRQHandler                          ./src/startup_stm32f10x_md_vl.o
DMA1_Channel4_IRQHandler                          ./src/startup_stm32f10x_md_vl.o
DMA1_Channel5_IRQHandler                          ./src/startup_stm32f10x_md_vl.o
DMA1_Channel6_IRQHandler                          ./src/startup_stm32f10x_md_vl.o
DMA1_Channel7_IRQHandler                          ./src/startup_stm32f10x_md_vl.o
DMA_ClearFlag                                     ./peri_library/peri_src/stm32f10x_dma.o
DMA_ClearITPendingBit                             ./peri_library/peri_src/stm32f10x_dma.o
DMA_Cmd                                           ./peri_library/peri_src/stm32f10x_dma.o
DMA_DeInit                                        ./peri_library/peri_src/stm32f10x_dma.o
DMA_GetCurrDataCounter                            ./peri_library/peri_src/stm32f10x_dma.o
DMA_GetFlagStatus                                 ./peri_library/peri_src/stm32f10x_dma.o
DMA_GetITStatus                                   ./peri_library/peri_src/stm32f10x_dma.o
DMA_ITConfig                                      ./peri_library/peri_src/stm32f10x_dma.o
DMA_Init                                          ./peri_library/peri_src/stm32f10x_dma.o
DMA_StructInit                                    ./peri_library/peri_src/stm32f10x_dma.o
DebugMon_Handler                                  ./src/stm32f10x_it.o
                                                  ./src/startup_stm32f10x_md_vl.o
Default_Handler                                   ./src/startup_stm32f10x_md_vl.o
Delay                                             ./src/main.o
Delay_sys                                         ./src/main.o
EXTI0_IRQHandler                                  ./src/startup_stm32f10x_md_vl.o
EXTI15_10_IRQHandler                              ./src/startup_stm32f10x_md_vl.o
EXTI1_IRQHandler                                  ./src/startup_stm32f10x_md_vl.o
EXTI2_IRQHandler                                  ./src/startup_stm32f10x_md_vl.o
EXTI3_IRQHandler                                  ./src/startup_stm32f10x_md_vl.o
EXTI4_IRQHandler                                  ./src/startup_stm32f10x_md_vl.o
EXTI9_5_IRQHandler                                ./src/startup_stm32f10x_md_vl.o
EXTI_ClearFlag                                    ./peri_library/peri_src/stm32f10x_exti.o
EXTI_ClearITPendingBit                            ./peri_library/peri_src/stm32f10x_exti.o
EXTI_DeInit                                       ./peri_library/peri_src/stm32f10x_exti.o
EXTI_GenerateSWInterrupt                          ./peri_library/peri_src/stm32f10x_exti.o
EXTI_GetFlagStatus                                ./peri_library/peri_src/stm32f10x_exti.o
EXTI_GetITStatus                                  ./peri_library/peri_src/stm32f10x_exti.o
EXTI_Init                                         ./peri_library/peri_src/stm32f10x_exti.o
EXTI_StructInit                                   ./peri_library/peri_src/stm32f10x_exti.o
FLASH_ClearFlag                                   ./peri_library/peri_src/stm32f10x_flash.o
FLASH_EnableWriteProtection                       ./peri_library/peri_src/stm32f10x_flash.o
FLASH_EraseAllBank1Pages                          ./peri_library/peri_src/stm32f10x_flash.o
FLASH_EraseAllPages                               ./peri_library/peri_src/stm32f10x_flash.o
FLASH_EraseOptionBytes                            ./peri_library/peri_src/stm32f10x_flash.o
FLASH_ErasePage                                   ./peri_library/peri_src/stm32f10x_flash.o
FLASH_GetBank1Status                              ./peri_library/peri_src/stm32f10x_flash.o
FLASH_GetFlagStatus                               ./peri_library/peri_src/stm32f10x_flash.o
FLASH_GetPrefetchBufferStatus                     ./peri_library/peri_src/stm32f10x_flash.o
FLASH_GetReadOutProtectionStatus                  ./peri_library/peri_src/stm32f10x_flash.o
FLASH_GetStatus                                   ./peri_library/peri_src/stm32f10x_flash.o
FLASH_GetUserOptionByte                           ./peri_library/peri_src/stm32f10x_flash.o
FLASH_GetWriteProtectionOptionByte                ./peri_library/peri_src/stm32f10x_flash.o
FLASH_HalfCycleAccessCmd                          ./peri_library/peri_src/stm32f10x_flash.o
FLASH_IRQHandler                                  ./src/startup_stm32f10x_md_vl.o
FLASH_ITConfig                                    ./peri_library/peri_src/stm32f10x_flash.o
FLASH_Lock                                        ./peri_library/peri_src/stm32f10x_flash.o
FLASH_LockBank1                                   ./peri_library/peri_src/stm32f10x_flash.o
FLASH_PrefetchBufferCmd                           ./peri_library/peri_src/stm32f10x_flash.o
FLASH_ProgramHalfWord                             ./peri_library/peri_src/stm32f10x_flash.o
FLASH_ProgramOptionByteData                       ./peri_library/peri_src/stm32f10x_flash.o
FLASH_ProgramWord                                 ./peri_library/peri_src/stm32f10x_flash.o
FLASH_ReadOutProtection                           ./peri_library/peri_src/stm32f10x_flash.o
FLASH_SetLatency                                  ./peri_library/peri_src/stm32f10x_flash.o
FLASH_Unlock                                      ./peri_library/peri_src/stm32f10x_flash.o
FLASH_UnlockBank1                                 ./peri_library/peri_src/stm32f10x_flash.o
FLASH_UserOptionByteConfig                        ./peri_library/peri_src/stm32f10x_flash.o
FLASH_WaitForLastBank1Operation                   ./peri_library/peri_src/stm32f10x_flash.o
FLASH_WaitForLastOperation                        ./peri_library/peri_src/stm32f10x_flash.o
FSMC_ClearFlag                                    ./peri_library/peri_src/stm32f10x_fsmc.o
FSMC_ClearITPendingBit                            ./peri_library/peri_src/stm32f10x_fsmc.o
FSMC_GetECC                                       ./peri_library/peri_src/stm32f10x_fsmc.o
FSMC_GetFlagStatus                                ./peri_library/peri_src/stm32f10x_fsmc.o
FSMC_GetITStatus                                  ./peri_library/peri_src/stm32f10x_fsmc.o
FSMC_ITConfig                                     ./peri_library/peri_src/stm32f10x_fsmc.o
FSMC_NANDCmd                                      ./peri_library/peri_src/stm32f10x_fsmc.o
FSMC_NANDDeInit                                   ./peri_library/peri_src/stm32f10x_fsmc.o
FSMC_NANDECCCmd                                   ./peri_library/peri_src/stm32f10x_fsmc.o
FSMC_NANDInit                                     ./peri_library/peri_src/stm32f10x_fsmc.o
FSMC_NANDStructInit                               ./peri_library/peri_src/stm32f10x_fsmc.o
FSMC_NORSRAMCmd                                   ./peri_library/peri_src/stm32f10x_fsmc.o
FSMC_NORSRAMDeInit                                ./peri_library/peri_src/stm32f10x_fsmc.o
FSMC_NORSRAMInit                                  ./peri_library/peri_src/stm32f10x_fsmc.o
FSMC_NORSRAMStructInit                            ./peri_library/peri_src/stm32f10x_fsmc.o
FSMC_PCCARDCmd                                    ./peri_library/peri_src/stm32f10x_fsmc.o
FSMC_PCCARDDeInit                                 ./peri_library/peri_src/stm32f10x_fsmc.o
FSMC_PCCARDInit                                   ./peri_library/peri_src/stm32f10x_fsmc.o
FSMC_PCCARDStructInit                             ./peri_library/peri_src/stm32f10x_fsmc.o
GPIO_AFIODeInit                                   ./peri_library/peri_src/stm32f10x_gpio.o
GPIO_DeInit                                       ./peri_library/peri_src/stm32f10x_gpio.o
GPIO_ETH_MediaInterfaceConfig                     ./peri_library/peri_src/stm32f10x_gpio.o
GPIO_EXTILineConfig                               ./peri_library/peri_src/stm32f10x_gpio.o
GPIO_EventOutputCmd                               ./peri_library/peri_src/stm32f10x_gpio.o
GPIO_EventOutputConfig                            ./peri_library/peri_src/stm32f10x_gpio.o
GPIO_Init                                         ./peri_library/peri_src/stm32f10x_gpio.o
                                                  ./src/main.o
GPIO_InitStructure                                ./src/main.o
GPIO_PinLockConfig                                ./peri_library/peri_src/stm32f10x_gpio.o
GPIO_PinRemapConfig                               ./peri_library/peri_src/stm32f10x_gpio.o
GPIO_ReadInputData                                ./peri_library/peri_src/stm32f10x_gpio.o
GPIO_ReadInputDataBit                             ./peri_library/peri_src/stm32f10x_gpio.o
GPIO_ReadOutputData                               ./peri_library/peri_src/stm32f10x_gpio.o
GPIO_ReadOutputDataBit                            ./peri_library/peri_src/stm32f10x_gpio.o
GPIO_ResetBits                                    ./peri_library/peri_src/stm32f10x_gpio.o
GPIO_SetBits                                      ./peri_library/peri_src/stm32f10x_gpio.o
GPIO_StructInit                                   ./peri_library/peri_src/stm32f10x_gpio.o
GPIO_Write                                        ./peri_library/peri_src/stm32f10x_gpio.o
GPIO_WriteBit                                     ./peri_library/peri_src/stm32f10x_gpio.o
HardFault_Handler                                 ./src/stm32f10x_it.o
                                                  ./src/startup_stm32f10x_md_vl.o
I2C1_ER_IRQHandler                                ./src/startup_stm32f10x_md_vl.o
I2C1_EV_IRQHandler                                ./src/startup_stm32f10x_md_vl.o
I2C2_ER_IRQHandler                                ./src/startup_stm32f10x_md_vl.o
I2C2_EV_IRQHandler                                ./src/startup_stm32f10x_md_vl.o
I2C_ARPCmd                                        ./peri_library/peri_src/stm32f10x_i2c.o
I2C_AcknowledgeConfig                             ./peri_library/peri_src/stm32f10x_i2c.o
I2C_CalculatePEC                                  ./peri_library/peri_src/stm32f10x_i2c.o
I2C_CheckEvent                                    ./peri_library/peri_src/stm32f10x_i2c.o
I2C_ClearFlag                                     ./peri_library/peri_src/stm32f10x_i2c.o
I2C_ClearITPendingBit                             ./peri_library/peri_src/stm32f10x_i2c.o
I2C_Cmd                                           ./peri_library/peri_src/stm32f10x_i2c.o
I2C_DMACmd                                        ./peri_library/peri_src/stm32f10x_i2c.o
I2C_DMALastTransferCmd                            ./peri_library/peri_src/stm32f10x_i2c.o
I2C_DeInit                                        ./peri_library/peri_src/stm32f10x_i2c.o
I2C_DualAddressCmd                                ./peri_library/peri_src/stm32f10x_i2c.o
I2C_FastModeDutyCycleConfig                       ./peri_library/peri_src/stm32f10x_i2c.o
I2C_GeneralCallCmd                                ./peri_library/peri_src/stm32f10x_i2c.o
I2C_GenerateSTART                                 ./peri_library/peri_src/stm32f10x_i2c.o
I2C_GenerateSTOP                                  ./peri_library/peri_src/stm32f10x_i2c.o
I2C_GetFlagStatus                                 ./peri_library/peri_src/stm32f10x_i2c.o
I2C_GetITStatus                                   ./peri_library/peri_src/stm32f10x_i2c.o
I2C_GetLastEvent                                  ./peri_library/peri_src/stm32f10x_i2c.o
I2C_GetPEC                                        ./peri_library/peri_src/stm32f10x_i2c.o
I2C_ITConfig                                      ./peri_library/peri_src/stm32f10x_i2c.o
I2C_Init                                          ./peri_library/peri_src/stm32f10x_i2c.o
I2C_OwnAddress2Config                             ./peri_library/peri_src/stm32f10x_i2c.o
I2C_PECPositionConfig                             ./peri_library/peri_src/stm32f10x_i2c.o
I2C_ReadRegister                                  ./peri_library/peri_src/stm32f10x_i2c.o
I2C_ReceiveData                                   ./peri_library/peri_src/stm32f10x_i2c.o
I2C_SMBusAlertConfig                              ./peri_library/peri_src/stm32f10x_i2c.o
I2C_Send7bitAddress                               ./peri_library/peri_src/stm32f10x_i2c.o
I2C_SendData                                      ./peri_library/peri_src/stm32f10x_i2c.o
I2C_SoftwareResetCmd                              ./peri_library/peri_src/stm32f10x_i2c.o
I2C_StretchClockCmd                               ./peri_library/peri_src/stm32f10x_i2c.o
I2C_StructInit                                    ./peri_library/peri_src/stm32f10x_i2c.o
I2C_TransmitPEC                                   ./peri_library/peri_src/stm32f10x_i2c.o
I2S_Cmd                                           ./peri_library/peri_src/stm32f10x_spi.o
I2S_Init                                          ./peri_library/peri_src/stm32f10x_spi.o
I2S_StructInit                                    ./peri_library/peri_src/stm32f10x_spi.o
IWDG_Enable                                       ./peri_library/peri_src/stm32f10x_iwdg.o
IWDG_GetFlagStatus                                ./peri_library/peri_src/stm32f10x_iwdg.o
IWDG_ReloadCounter                                ./peri_library/peri_src/stm32f10x_iwdg.o
IWDG_SetPrescaler                                 ./peri_library/peri_src/stm32f10x_iwdg.o
IWDG_SetReload                                    ./peri_library/peri_src/stm32f10x_iwdg.o
IWDG_WriteAccessCmd                               ./peri_library/peri_src/stm32f10x_iwdg.o
MemManage_Handler                                 ./src/stm32f10x_it.o
                                                  ./src/startup_stm32f10x_md_vl.o
NMI_Handler                                       ./src/stm32f10x_it.o
                                                  ./src/startup_stm32f10x_md_vl.o
NVIC_Init                                         ./peri_library/peri_src/misc.o
NVIC_PriorityGroupConfig                          ./peri_library/peri_src/misc.o
NVIC_SetVectorTable                               ./peri_library/peri_src/misc.o
NVIC_SystemLPConfig                               ./peri_library/peri_src/misc.o
PVD_IRQHandler                                    ./src/startup_stm32f10x_md_vl.o
PWR_BackupAccessCmd                               ./peri_library/peri_src/stm32f10x_pwr.o
PWR_ClearFlag                                     ./peri_library/peri_src/stm32f10x_pwr.o
PWR_DeInit                                        ./peri_library/peri_src/stm32f10x_pwr.o
PWR_EnterSTANDBYMode                              ./peri_library/peri_src/stm32f10x_pwr.o
PWR_EnterSTOPMode                                 ./peri_library/peri_src/stm32f10x_pwr.o
PWR_GetFlagStatus                                 ./peri_library/peri_src/stm32f10x_pwr.o
PWR_PVDCmd                                        ./peri_library/peri_src/stm32f10x_pwr.o
PWR_PVDLevelConfig                                ./peri_library/peri_src/stm32f10x_pwr.o
PWR_WakeUpPinCmd                                  ./peri_library/peri_src/stm32f10x_pwr.o
PendSV_Handler                                    ./src/stm32f10x_it.o
                                                  ./src/startup_stm32f10x_md_vl.o
RCC_ADCCLKConfig                                  ./peri_library/peri_src/stm32f10x_rcc.o
RCC_AHBPeriphClockCmd                             ./peri_library/peri_src/stm32f10x_rcc.o
RCC_APB1PeriphClockCmd                            ./peri_library/peri_src/stm32f10x_rcc.o
RCC_APB1PeriphResetCmd                            ./peri_library/peri_src/stm32f10x_rcc.o
                                                  ./peri_library/peri_src/stm32f10x_wwdg.o
                                                  ./peri_library/peri_src/stm32f10x_usart.o
                                                  ./peri_library/peri_src/stm32f10x_tim.o
                                                  ./peri_library/peri_src/stm32f10x_spi.o
                                                  ./peri_library/peri_src/stm32f10x_pwr.o
                                                  ./peri_library/peri_src/stm32f10x_i2c.o
                                                  ./peri_library/peri_src/stm32f10x_dac.o
                                                  ./peri_library/peri_src/stm32f10x_cec.o
                                                  ./peri_library/peri_src/stm32f10x_can.o
RCC_APB2PeriphClockCmd                            ./peri_library/peri_src/stm32f10x_rcc.o
                                                  ./src/main.o
RCC_APB2PeriphResetCmd                            ./peri_library/peri_src/stm32f10x_rcc.o
                                                  ./peri_library/peri_src/stm32f10x_usart.o
                                                  ./peri_library/peri_src/stm32f10x_tim.o
                                                  ./peri_library/peri_src/stm32f10x_spi.o
                                                  ./peri_library/peri_src/stm32f10x_gpio.o
                                                  ./peri_library/peri_src/stm32f10x_adc.o
RCC_AdjustHSICalibrationValue                     ./peri_library/peri_src/stm32f10x_rcc.o
RCC_BackupResetCmd                                ./peri_library/peri_src/stm32f10x_rcc.o
                                                  ./peri_library/peri_src/stm32f10x_bkp.o
RCC_ClearFlag                                     ./peri_library/peri_src/stm32f10x_rcc.o
RCC_ClearITPendingBit                             ./peri_library/peri_src/stm32f10x_rcc.o
RCC_ClockSecuritySystemCmd                        ./peri_library/peri_src/stm32f10x_rcc.o
RCC_DeInit                                        ./peri_library/peri_src/stm32f10x_rcc.o
RCC_GetClocksFreq                                 ./peri_library/peri_src/stm32f10x_rcc.o
                                                  ./peri_library/peri_src/stm32f10x_usart.o
                                                  ./peri_library/peri_src/stm32f10x_spi.o
                                                  ./peri_library/peri_src/stm32f10x_i2c.o
RCC_GetFlagStatus                                 ./peri_library/peri_src/stm32f10x_rcc.o
RCC_GetITStatus                                   ./peri_library/peri_src/stm32f10x_rcc.o
RCC_GetSYSCLKSource                               ./peri_library/peri_src/stm32f10x_rcc.o
RCC_HCLKConfig                                    ./peri_library/peri_src/stm32f10x_rcc.o
RCC_HSEConfig                                     ./peri_library/peri_src/stm32f10x_rcc.o
RCC_HSICmd                                        ./peri_library/peri_src/stm32f10x_rcc.o
RCC_IRQHandler                                    ./src/startup_stm32f10x_md_vl.o
RCC_ITConfig                                      ./peri_library/peri_src/stm32f10x_rcc.o
RCC_LSEConfig                                     ./peri_library/peri_src/stm32f10x_rcc.o
RCC_LSICmd                                        ./peri_library/peri_src/stm32f10x_rcc.o
RCC_MCOConfig                                     ./peri_library/peri_src/stm32f10x_rcc.o
RCC_PCLK1Config                                   ./peri_library/peri_src/stm32f10x_rcc.o
RCC_PCLK2Config                                   ./peri_library/peri_src/stm32f10x_rcc.o
RCC_PLLCmd                                        ./peri_library/peri_src/stm32f10x_rcc.o
RCC_PLLConfig                                     ./peri_library/peri_src/stm32f10x_rcc.o
RCC_PREDIV1Config                                 ./peri_library/peri_src/stm32f10x_rcc.o
RCC_RTCCLKCmd                                     ./peri_library/peri_src/stm32f10x_rcc.o
RCC_RTCCLKConfig                                  ./peri_library/peri_src/stm32f10x_rcc.o
RCC_SYSCLKConfig                                  ./peri_library/peri_src/stm32f10x_rcc.o
RCC_USBCLKConfig                                  ./peri_library/peri_src/stm32f10x_rcc.o
RCC_WaitForHSEStartUp                             ./peri_library/peri_src/stm32f10x_rcc.o
RTCAlarm_IRQHandler                               ./src/startup_stm32f10x_md_vl.o
RTC_ClearFlag                                     ./peri_library/peri_src/stm32f10x_rtc.o
RTC_ClearITPendingBit                             ./peri_library/peri_src/stm32f10x_rtc.o
RTC_EnterConfigMode                               ./peri_library/peri_src/stm32f10x_rtc.o
RTC_ExitConfigMode                                ./peri_library/peri_src/stm32f10x_rtc.o
RTC_GetCounter                                    ./peri_library/peri_src/stm32f10x_rtc.o
RTC_GetDivider                                    ./peri_library/peri_src/stm32f10x_rtc.o
RTC_GetFlagStatus                                 ./peri_library/peri_src/stm32f10x_rtc.o
RTC_GetITStatus                                   ./peri_library/peri_src/stm32f10x_rtc.o
RTC_IRQHandler                                    ./src/startup_stm32f10x_md_vl.o
RTC_ITConfig                                      ./peri_library/peri_src/stm32f10x_rtc.o
RTC_SetAlarm                                      ./peri_library/peri_src/stm32f10x_rtc.o
RTC_SetCounter                                    ./peri_library/peri_src/stm32f10x_rtc.o
RTC_SetPrescaler                                  ./peri_library/peri_src/stm32f10x_rtc.o
RTC_WaitForLastTask                               ./peri_library/peri_src/stm32f10x_rtc.o
RTC_WaitForSynchro                                ./peri_library/peri_src/stm32f10x_rtc.o
Reset_Handler                                     ./src/startup_stm32f10x_md_vl.o
SDIO_CEATAITCmd                                   ./peri_library/peri_src/stm32f10x_sdio.o
SDIO_ClearFlag                                    ./peri_library/peri_src/stm32f10x_sdio.o
SDIO_ClearITPendingBit                            ./peri_library/peri_src/stm32f10x_sdio.o
SDIO_ClockCmd                                     ./peri_library/peri_src/stm32f10x_sdio.o
SDIO_CmdStructInit                                ./peri_library/peri_src/stm32f10x_sdio.o
SDIO_CommandCompletionCmd                         ./peri_library/peri_src/stm32f10x_sdio.o
SDIO_DMACmd                                       ./peri_library/peri_src/stm32f10x_sdio.o
SDIO_DataConfig                                   ./peri_library/peri_src/stm32f10x_sdio.o
SDIO_DataStructInit                               ./peri_library/peri_src/stm32f10x_sdio.o
SDIO_DeInit                                       ./peri_library/peri_src/stm32f10x_sdio.o
SDIO_GetCommandResponse                           ./peri_library/peri_src/stm32f10x_sdio.o
SDIO_GetDataCounter                               ./peri_library/peri_src/stm32f10x_sdio.o
SDIO_GetFIFOCount                                 ./peri_library/peri_src/stm32f10x_sdio.o
SDIO_GetFlagStatus                                ./peri_library/peri_src/stm32f10x_sdio.o
SDIO_GetITStatus                                  ./peri_library/peri_src/stm32f10x_sdio.o
SDIO_GetPowerState                                ./peri_library/peri_src/stm32f10x_sdio.o
SDIO_GetResponse                                  ./peri_library/peri_src/stm32f10x_sdio.o
SDIO_ITConfig                                     ./peri_library/peri_src/stm32f10x_sdio.o
SDIO_Init                                         ./peri_library/peri_src/stm32f10x_sdio.o
SDIO_ReadData                                     ./peri_library/peri_src/stm32f10x_sdio.o
SDIO_SendCEATACmd                                 ./peri_library/peri_src/stm32f10x_sdio.o
SDIO_SendCommand                                  ./peri_library/peri_src/stm32f10x_sdio.o
SDIO_SendSDIOSuspendCmd                           ./peri_library/peri_src/stm32f10x_sdio.o
SDIO_SetPowerState                                ./peri_library/peri_src/stm32f10x_sdio.o
SDIO_SetSDIOOperation                             ./peri_library/peri_src/stm32f10x_sdio.o
SDIO_SetSDIOReadWaitMode                          ./peri_library/peri_src/stm32f10x_sdio.o
SDIO_StartSDIOReadWait                            ./peri_library/peri_src/stm32f10x_sdio.o
SDIO_StopSDIOReadWait                             ./peri_library/peri_src/stm32f10x_sdio.o
SDIO_StructInit                                   ./peri_library/peri_src/stm32f10x_sdio.o
SDIO_WriteData                                    ./peri_library/peri_src/stm32f10x_sdio.o
SPI1_IRQHandler                                   ./src/startup_stm32f10x_md_vl.o
SPI2_IRQHandler                                   ./src/startup_stm32f10x_md_vl.o
SPI_BiDirectionalLineConfig                       ./peri_library/peri_src/stm32f10x_spi.o
SPI_CalculateCRC                                  ./peri_library/peri_src/stm32f10x_spi.o
SPI_Cmd                                           ./peri_library/peri_src/stm32f10x_spi.o
SPI_DataSizeConfig                                ./peri_library/peri_src/stm32f10x_spi.o
SPI_GetCRC                                        ./peri_library/peri_src/stm32f10x_spi.o
SPI_GetCRCPolynomial                              ./peri_library/peri_src/stm32f10x_spi.o
SPI_I2S_ClearFlag                                 ./peri_library/peri_src/stm32f10x_spi.o
SPI_I2S_ClearITPendingBit                         ./peri_library/peri_src/stm32f10x_spi.o
SPI_I2S_DMACmd                                    ./peri_library/peri_src/stm32f10x_spi.o
SPI_I2S_DeInit                                    ./peri_library/peri_src/stm32f10x_spi.o
SPI_I2S_GetFlagStatus                             ./peri_library/peri_src/stm32f10x_spi.o
SPI_I2S_GetITStatus                               ./peri_library/peri_src/stm32f10x_spi.o
SPI_I2S_ITConfig                                  ./peri_library/peri_src/stm32f10x_spi.o
SPI_I2S_ReceiveData                               ./peri_library/peri_src/stm32f10x_spi.o
SPI_I2S_SendData                                  ./peri_library/peri_src/stm32f10x_spi.o
SPI_Init                                          ./peri_library/peri_src/stm32f10x_spi.o
SPI_NSSInternalSoftwareConfig                     ./peri_library/peri_src/stm32f10x_spi.o
SPI_SSOutputCmd                                   ./peri_library/peri_src/stm32f10x_spi.o
SPI_StructInit                                    ./peri_library/peri_src/stm32f10x_spi.o
SPI_TransmitCRC                                   ./peri_library/peri_src/stm32f10x_spi.o
SVC_Handler                                       ./src/stm32f10x_it.o
                                                  ./src/startup_stm32f10x_md_vl.o
SysTick_CLKSourceConfig                           ./peri_library/peri_src/misc.o
SysTick_Handler                                   ./src/stm32f10x_it.o
                                                  ./src/startup_stm32f10x_md_vl.o
SystemCoreClock                                   ./src/system_stm32f10x.o
                                                  ./src/main.o
SystemCoreClockUpdate                             ./src/system_stm32f10x.o
SystemInit                                        ./src/system_stm32f10x.o
                                                  ./src/startup_stm32f10x_md_vl.o
SystemInit_ExtMemCtl_Dummy                        ./src/startup_stm32f10x_md_vl.o
TAMPER_IRQHandler                                 ./src/startup_stm32f10x_md_vl.o
TIM1_BRK_TIM15_IRQHandler                         ./src/startup_stm32f10x_md_vl.o
TIM1_CC_IRQHandler                                ./src/startup_stm32f10x_md_vl.o
TIM1_TRG_COM_TIM17_IRQHandler                     ./src/startup_stm32f10x_md_vl.o
TIM1_UP_TIM16_IRQHandler                          ./src/startup_stm32f10x_md_vl.o
TIM2_IRQHandler                                   ./src/startup_stm32f10x_md_vl.o
TIM3_IRQHandler                                   ./src/startup_stm32f10x_md_vl.o
TIM4_IRQHandler                                   ./src/startup_stm32f10x_md_vl.o
TIM6_DAC_IRQHandler                               ./src/startup_stm32f10x_md_vl.o
TIM7_IRQHandler                                   ./src/startup_stm32f10x_md_vl.o
TIM_ARRPreloadConfig                              ./peri_library/peri_src/stm32f10x_tim.o
TIM_BDTRConfig                                    ./peri_library/peri_src/stm32f10x_tim.o
TIM_BDTRStructInit                                ./peri_library/peri_src/stm32f10x_tim.o
TIM_CCPreloadControl                              ./peri_library/peri_src/stm32f10x_tim.o
TIM_CCxCmd                                        ./peri_library/peri_src/stm32f10x_tim.o
TIM_CCxNCmd                                       ./peri_library/peri_src/stm32f10x_tim.o
TIM_ClearFlag                                     ./peri_library/peri_src/stm32f10x_tim.o
TIM_ClearITPendingBit                             ./peri_library/peri_src/stm32f10x_tim.o
TIM_ClearOC1Ref                                   ./peri_library/peri_src/stm32f10x_tim.o
TIM_ClearOC2Ref                                   ./peri_library/peri_src/stm32f10x_tim.o
TIM_ClearOC3Ref                                   ./peri_library/peri_src/stm32f10x_tim.o
TIM_ClearOC4Ref                                   ./peri_library/peri_src/stm32f10x_tim.o
TIM_Cmd                                           ./peri_library/peri_src/stm32f10x_tim.o
TIM_CounterModeConfig                             ./peri_library/peri_src/stm32f10x_tim.o
TIM_CtrlPWMOutputs                                ./peri_library/peri_src/stm32f10x_tim.o
TIM_DMACmd                                        ./peri_library/peri_src/stm32f10x_tim.o
TIM_DMAConfig                                     ./peri_library/peri_src/stm32f10x_tim.o
TIM_DeInit                                        ./peri_library/peri_src/stm32f10x_tim.o
TIM_ETRClockMode1Config                           ./peri_library/peri_src/stm32f10x_tim.o
TIM_ETRClockMode2Config                           ./peri_library/peri_src/stm32f10x_tim.o
TIM_ETRConfig                                     ./peri_library/peri_src/stm32f10x_tim.o
TIM_EncoderInterfaceConfig                        ./peri_library/peri_src/stm32f10x_tim.o
TIM_ForcedOC1Config                               ./peri_library/peri_src/stm32f10x_tim.o
TIM_ForcedOC2Config                               ./peri_library/peri_src/stm32f10x_tim.o
TIM_ForcedOC3Config                               ./peri_library/peri_src/stm32f10x_tim.o
TIM_ForcedOC4Config                               ./peri_library/peri_src/stm32f10x_tim.o
TIM_GenerateEvent                                 ./peri_library/peri_src/stm32f10x_tim.o
TIM_GetCapture1                                   ./peri_library/peri_src/stm32f10x_tim.o
TIM_GetCapture2                                   ./peri_library/peri_src/stm32f10x_tim.o
TIM_GetCapture3                                   ./peri_library/peri_src/stm32f10x_tim.o
TIM_GetCapture4                                   ./peri_library/peri_src/stm32f10x_tim.o
TIM_GetCounter                                    ./peri_library/peri_src/stm32f10x_tim.o
TIM_GetFlagStatus                                 ./peri_library/peri_src/stm32f10x_tim.o
TIM_GetITStatus                                   ./peri_library/peri_src/stm32f10x_tim.o
TIM_GetPrescaler                                  ./peri_library/peri_src/stm32f10x_tim.o
TIM_ICInit                                        ./peri_library/peri_src/stm32f10x_tim.o
TIM_ICStructInit                                  ./peri_library/peri_src/stm32f10x_tim.o
TIM_ITConfig                                      ./peri_library/peri_src/stm32f10x_tim.o
TIM_ITRxExternalClockConfig                       ./peri_library/peri_src/stm32f10x_tim.o
TIM_InternalClockConfig                           ./peri_library/peri_src/stm32f10x_tim.o
TIM_OC1FastConfig                                 ./peri_library/peri_src/stm32f10x_tim.o
TIM_OC1Init                                       ./peri_library/peri_src/stm32f10x_tim.o
TIM_OC1NPolarityConfig                            ./peri_library/peri_src/stm32f10x_tim.o
TIM_OC1PolarityConfig                             ./peri_library/peri_src/stm32f10x_tim.o
TIM_OC1PreloadConfig                              ./peri_library/peri_src/stm32f10x_tim.o
TIM_OC2FastConfig                                 ./peri_library/peri_src/stm32f10x_tim.o
TIM_OC2Init                                       ./peri_library/peri_src/stm32f10x_tim.o
TIM_OC2NPolarityConfig                            ./peri_library/peri_src/stm32f10x_tim.o
TIM_OC2PolarityConfig                             ./peri_library/peri_src/stm32f10x_tim.o
TIM_OC2PreloadConfig                              ./peri_library/peri_src/stm32f10x_tim.o
TIM_OC3FastConfig                                 ./peri_library/peri_src/stm32f10x_tim.o
TIM_OC3Init                                       ./peri_library/peri_src/stm32f10x_tim.o
TIM_OC3NPolarityConfig                            ./peri_library/peri_src/stm32f10x_tim.o
TIM_OC3PolarityConfig                             ./peri_library/peri_src/stm32f10x_tim.o
TIM_OC3PreloadConfig                              ./peri_library/peri_src/stm32f10x_tim.o
TIM_OC4FastConfig                                 ./peri_library/peri_src/stm32f10x_tim.o
TIM_OC4Init                                       ./peri_library/peri_src/stm32f10x_tim.o
TIM_OC4PolarityConfig                             ./peri_library/peri_src/stm32f10x_tim.o
TIM_OC4PreloadConfig                              ./peri_library/peri_src/stm32f10x_tim.o
TIM_OCStructInit                                  ./peri_library/peri_src/stm32f10x_tim.o
TIM_PWMIConfig                                    ./peri_library/peri_src/stm32f10x_tim.o
TIM_PrescalerConfig                               ./peri_library/peri_src/stm32f10x_tim.o
TIM_SelectCCDMA                                   ./peri_library/peri_src/stm32f10x_tim.o
TIM_SelectCOM                                     ./peri_library/peri_src/stm32f10x_tim.o
TIM_SelectHallSensor                              ./peri_library/peri_src/stm32f10x_tim.o
TIM_SelectInputTrigger                            ./peri_library/peri_src/stm32f10x_tim.o
TIM_SelectMasterSlaveMode                         ./peri_library/peri_src/stm32f10x_tim.o
TIM_SelectOCxM                                    ./peri_library/peri_src/stm32f10x_tim.o
TIM_SelectOnePulseMode                            ./peri_library/peri_src/stm32f10x_tim.o
TIM_SelectOutputTrigger                           ./peri_library/peri_src/stm32f10x_tim.o
TIM_SelectSlaveMode                               ./peri_library/peri_src/stm32f10x_tim.o
TIM_SetAutoreload                                 ./peri_library/peri_src/stm32f10x_tim.o
TIM_SetClockDivision                              ./peri_library/peri_src/stm32f10x_tim.o
TIM_SetCompare1                                   ./peri_library/peri_src/stm32f10x_tim.o
TIM_SetCompare2                                   ./peri_library/peri_src/stm32f10x_tim.o
TIM_SetCompare3                                   ./peri_library/peri_src/stm32f10x_tim.o
TIM_SetCompare4                                   ./peri_library/peri_src/stm32f10x_tim.o
TIM_SetCounter                                    ./peri_library/peri_src/stm32f10x_tim.o
TIM_SetIC1Prescaler                               ./peri_library/peri_src/stm32f10x_tim.o
TIM_SetIC2Prescaler                               ./peri_library/peri_src/stm32f10x_tim.o
TIM_SetIC3Prescaler                               ./peri_library/peri_src/stm32f10x_tim.o
TIM_SetIC4Prescaler                               ./peri_library/peri_src/stm32f10x_tim.o
TIM_TIxExternalClockConfig                        ./peri_library/peri_src/stm32f10x_tim.o
TIM_TimeBaseInit                                  ./peri_library/peri_src/stm32f10x_tim.o
TIM_TimeBaseStructInit                            ./peri_library/peri_src/stm32f10x_tim.o
TIM_UpdateDisableConfig                           ./peri_library/peri_src/stm32f10x_tim.o
TIM_UpdateRequestConfig                           ./peri_library/peri_src/stm32f10x_tim.o
USART1_IRQHandler                                 ./src/startup_stm32f10x_md_vl.o
USART2_IRQHandler                                 ./src/startup_stm32f10x_md_vl.o
USART3_IRQHandler                                 ./src/startup_stm32f10x_md_vl.o
USART_ClearFlag                                   ./peri_library/peri_src/stm32f10x_usart.o
USART_ClearITPendingBit                           ./peri_library/peri_src/stm32f10x_usart.o
USART_ClockInit                                   ./peri_library/peri_src/stm32f10x_usart.o
USART_ClockStructInit                             ./peri_library/peri_src/stm32f10x_usart.o
USART_Cmd                                         ./peri_library/peri_src/stm32f10x_usart.o
USART_DMACmd                                      ./peri_library/peri_src/stm32f10x_usart.o
USART_DeInit                                      ./peri_library/peri_src/stm32f10x_usart.o
USART_GetFlagStatus                               ./peri_library/peri_src/stm32f10x_usart.o
USART_GetITStatus                                 ./peri_library/peri_src/stm32f10x_usart.o
USART_HalfDuplexCmd                               ./peri_library/peri_src/stm32f10x_usart.o
USART_ITConfig                                    ./peri_library/peri_src/stm32f10x_usart.o
USART_Init                                        ./peri_library/peri_src/stm32f10x_usart.o
USART_IrDACmd                                     ./peri_library/peri_src/stm32f10x_usart.o
USART_IrDAConfig                                  ./peri_library/peri_src/stm32f10x_usart.o
USART_LINBreakDetectLengthConfig                  ./peri_library/peri_src/stm32f10x_usart.o
USART_LINCmd                                      ./peri_library/peri_src/stm32f10x_usart.o
USART_OneBitMethodCmd                             ./peri_library/peri_src/stm32f10x_usart.o
USART_OverSampling8Cmd                            ./peri_library/peri_src/stm32f10x_usart.o
USART_ReceiveData                                 ./peri_library/peri_src/stm32f10x_usart.o
USART_ReceiverWakeUpCmd                           ./peri_library/peri_src/stm32f10x_usart.o
USART_SendBreak                                   ./peri_library/peri_src/stm32f10x_usart.o
USART_SendData                                    ./peri_library/peri_src/stm32f10x_usart.o
USART_SetAddress                                  ./peri_library/peri_src/stm32f10x_usart.o
USART_SetGuardTime                                ./peri_library/peri_src/stm32f10x_usart.o
USART_SetPrescaler                                ./peri_library/peri_src/stm32f10x_usart.o
USART_SmartCardCmd                                ./peri_library/peri_src/stm32f10x_usart.o
USART_SmartCardNACKCmd                            ./peri_library/peri_src/stm32f10x_usart.o
USART_StructInit                                  ./peri_library/peri_src/stm32f10x_usart.o
USART_WakeUpConfig                                ./peri_library/peri_src/stm32f10x_usart.o
UsageFault_Handler                                ./src/stm32f10x_it.o
                                                  ./src/startup_stm32f10x_md_vl.o
WWDG_ClearFlag                                    ./peri_library/peri_src/stm32f10x_wwdg.o
WWDG_DeInit                                       ./peri_library/peri_src/stm32f10x_wwdg.o
WWDG_Enable                                       ./peri_library/peri_src/stm32f10x_wwdg.o
WWDG_EnableIT                                     ./peri_library/peri_src/stm32f10x_wwdg.o
WWDG_GetFlagStatus                                ./peri_library/peri_src/stm32f10x_wwdg.o
WWDG_IRQHandler                                   ./src/startup_stm32f10x_md_vl.o
WWDG_SetCounter                                   ./peri_library/peri_src/stm32f10x_wwdg.o
WWDG_SetPrescaler                                 ./peri_library/peri_src/stm32f10x_wwdg.o
WWDG_SetWindowValue                               ./peri_library/peri_src/stm32f10x_wwdg.o
_Jv_RegisterClasses                               /home/cuil/CodeSourcery/Sourcery_G++_Lite/bin/../lib/gcc/arm-none-eabi/4.5.2/thumb2/crtbegin.o
__LDREXB                                          ./src/core_cm3.o
__LDREXH                                          ./src/core_cm3.o
__LDREXW                                          ./src/core_cm3.o
__RBIT                                            ./src/core_cm3.o
__REV                                             ./src/core_cm3.o
__REV16                                           ./src/core_cm3.o
__REVSH                                           ./src/core_cm3.o